Archive member included because of file (symbol)

libbb/lib.a(appletlib.o)      /opt/STM/STLinux-2.4/devkit/armv5/target/usr/lib/crt1.o (main)
libbb/lib.a(concat_path_file.o)
                              libbb/lib.a(appletlib.o) (concat_path_file)
libbb/lib.a(default_error_retval.o)
                              libbb/lib.a(appletlib.o) (xfunc_error_retval)
libbb/lib.a(get_last_path_component.o)
                              libbb/lib.a(appletlib.o) (bb_basename)
libbb/lib.a(last_char_is.o)   libbb/lib.a(concat_path_file.o) (last_char_is)
libbb/lib.a(llist.o)          libbb/lib.a(appletlib.o) (llist_free)
libbb/lib.a(messages.o)       libbb/lib.a(appletlib.o) (bb_busybox_exec_path)
libbb/lib.a(perror_msg.o)     libbb/lib.a(appletlib.o) (bb_perror_msg_and_die)
libbb/lib.a(ptr_to_globals.o)
                              libbb/lib.a(appletlib.o) (bb_errno)
libbb/lib.a(skip_whitespace.o)
                              libbb/lib.a(appletlib.o) (skip_whitespace)
libbb/lib.a(verror_msg.o)     libbb/lib.a(perror_msg.o) (bb_verror_msg)
libbb/lib.a(wfopen.o)         libbb/lib.a(appletlib.o) (fopen_for_read)
libbb/lib.a(xfunc_die.o)      libbb/lib.a(appletlib.o) (xfunc_die)
libbb/lib.a(xfuncs.o)         libbb/lib.a(appletlib.o) (full_write2_str)
libbb/lib.a(xfuncs_printf.o)  libbb/lib.a(appletlib.o) (malloc_or_warn)
libbb/lib.a(xreadlink.o)      libbb/lib.a(appletlib.o) (xmalloc_readlink)
libbb/lib.a(copyfd.o)         libbb/lib.a(xfuncs_printf.o) (bb_copyfd_eof)
libbb/lib.a(full_write.o)     libbb/lib.a(verror_msg.o) (full_write)
libbb/lib.a(read.o)           libbb/lib.a(copyfd.o) (safe_read)
libbb/lib.a(safe_write.o)     libbb/lib.a(full_write.o) (safe_write)
libbb/lib.a(time.o)           libbb/lib.a(xfuncs_printf.o) (monotonic_us)
libbb/lib.a(bb_strtonum.o)    libbb/lib.a(time.o) (bb_strtol)
libpwdgrp/lib.a(pwd_grp.o)    libbb/lib.a(appletlib.o) (bb_internal_getgrgid)
libpwdgrp/lib.a(uidgid_get.o)
                              libbb/lib.a(appletlib.o) (get_uidgid)
loginutils/lib.a(add-remove-shell.o)
                              libbb/lib.a(appletlib.o) (add_remove_shell_main)
loginutils/lib.a(addgroup.o)  libbb/lib.a(appletlib.o) (addgroup_main)
loginutils/lib.a(adduser.o)   libbb/lib.a(appletlib.o) (adduser_main)
loginutils/lib.a(chpasswd.o)  libbb/lib.a(appletlib.o) (chpasswd_main)
loginutils/lib.a(cryptpw.o)   libbb/lib.a(appletlib.o) (cryptpw_main)
loginutils/lib.a(deluser.o)   libbb/lib.a(appletlib.o) (deluser_main)
loginutils/lib.a(getty.o)     libbb/lib.a(appletlib.o) (getty_main)
loginutils/lib.a(login.o)     libbb/lib.a(appletlib.o) (login_main)
loginutils/lib.a(passwd.o)    libbb/lib.a(appletlib.o) (passwd_main)
loginutils/lib.a(su.o)        libbb/lib.a(appletlib.o) (su_main)
loginutils/lib.a(sulogin.o)   libbb/lib.a(appletlib.o) (sulogin_main)
loginutils/lib.a(vlock.o)     libbb/lib.a(appletlib.o) (vlock_main)
mailutils/lib.a(makemime.o)   libbb/lib.a(appletlib.o) (makemime_main)
mailutils/lib.a(popmaildir.o)
                              libbb/lib.a(appletlib.o) (popmaildir_main)
mailutils/lib.a(reformime.o)  libbb/lib.a(appletlib.o) (reformime_main)
mailutils/lib.a(sendmail.o)   libbb/lib.a(appletlib.o) (sendmail_main)
mailutils/lib.a(mail.o)       mailutils/lib.a(popmaildir.o) (launch_helper)
miscutils/lib.a(adjtimex.o)   libbb/lib.a(appletlib.o) (adjtimex_main)
miscutils/lib.a(beep.o)       libbb/lib.a(appletlib.o) (beep_main)
miscutils/lib.a(chat.o)       libbb/lib.a(appletlib.o) (chat_main)
miscutils/lib.a(chrt.o)       libbb/lib.a(appletlib.o) (chrt_main)
miscutils/lib.a(conspy.o)     libbb/lib.a(appletlib.o) (conspy_main)
miscutils/lib.a(crond.o)      libbb/lib.a(appletlib.o) (crond_main)
miscutils/lib.a(crontab.o)    libbb/lib.a(appletlib.o) (crontab_main)
miscutils/lib.a(dc.o)         libbb/lib.a(appletlib.o) (dc_main)
miscutils/lib.a(devmem.o)     libbb/lib.a(appletlib.o) (devmem_main)
miscutils/lib.a(eject.o)      libbb/lib.a(appletlib.o) (eject_main)
miscutils/lib.a(fbsplash.o)   libbb/lib.a(appletlib.o) (fbsplash_main)
miscutils/lib.a(hdparm.o)     libbb/lib.a(appletlib.o) (hdparm_main)
miscutils/lib.a(ionice.o)     libbb/lib.a(appletlib.o) (ionice_main)
miscutils/lib.a(last_fancy.o)
                              libbb/lib.a(appletlib.o) (last_main)
miscutils/lib.a(less.o)       libbb/lib.a(appletlib.o) (less_main)
miscutils/lib.a(makedevs.o)   libbb/lib.a(appletlib.o) (makedevs_main)
miscutils/lib.a(man.o)        libbb/lib.a(appletlib.o) (man_main)
miscutils/lib.a(microcom.o)   libbb/lib.a(appletlib.o) (microcom_main)
miscutils/lib.a(mountpoint.o)
                              libbb/lib.a(appletlib.o) (mountpoint_main)
miscutils/lib.a(mt.o)         libbb/lib.a(appletlib.o) (mt_main)
miscutils/lib.a(nandwrite.o)  libbb/lib.a(appletlib.o) (nandwrite_main)
miscutils/lib.a(raidautorun.o)
                              libbb/lib.a(appletlib.o) (raidautorun_main)
miscutils/lib.a(readahead.o)  libbb/lib.a(appletlib.o) (readahead_main)
[...]
Memory Configuration

Name             Origin             Length             Attributes
*default*        0x00000000         0xffffffff

Linker script and memory map

LOAD /opt/STM/STLinux-2.4/devkit/armv5/target/usr/lib/crt1.o
LOAD /opt/STM/STLinux-2.4/devkit/armv5/target/usr/lib/crti.o
LOAD /opt/STM/STLinux-2.4/devkit/armv5/lib/gcc/arm-926ejs-linux-gnueabi/4.6.3/crtbegin.o
START GROUP
LOAD applets/built-in.o
LOAD archival/lib.a
LOAD archival/libarchive/lib.a
LOAD console-tools/lib.a
LOAD coreutils/lib.a
LOAD coreutils/libcoreutils/lib.a
LOAD debianutils/lib.a
LOAD e2fsprogs/lib.a
LOAD editors/lib.a
LOAD findutils/lib.a
LOAD init/lib.a
LOAD libbb/lib.a
LOAD libpwdgrp/lib.a
LOAD loginutils/lib.a
LOAD mailutils/lib.a
LOAD miscutils/lib.a
LOAD modutils/lib.a
LOAD networking/lib.a
LOAD networking/libiproute/lib.a
LOAD networking/udhcp/lib.a
LOAD printutils/lib.a
LOAD procps/lib.a
LOAD runit/lib.a
LOAD selinux/lib.a
LOAD shell/lib.a
LOAD sysklogd/lib.a
LOAD util-linux/lib.a
LOAD util-linux/volume_id/lib.a
LOAD archival/built-in.o
LOAD archival/libarchive/built-in.o
LOAD console-tools/built-in.o
LOAD coreutils/built-in.o
LOAD coreutils/libcoreutils/built-in.o
LOAD debianutils/built-in.o
LOAD e2fsprogs/built-in.o
LOAD editors/built-in.o
LOAD findutils/built-in.o
LOAD init/built-in.o
LOAD libbb/built-in.o
LOAD libpwdgrp/built-in.o
LOAD loginutils/built-in.o
LOAD mailutils/built-in.o
LOAD miscutils/built-in.o
LOAD modutils/built-in.o
LOAD networking/built-in.o
LOAD networking/libiproute/built-in.o
LOAD networking/udhcp/built-in.o
LOAD printutils/built-in.o
LOAD procps/built-in.o
LOAD runit/built-in.o
LOAD selinux/built-in.o
LOAD shell/built-in.o
LOAD sysklogd/built-in.o
LOAD util-linux/built-in.o
LOAD util-linux/volume_id/built-in.o
END GROUP
START GROUP
LOAD /opt/STM/STLinux-2.4/devkit/armv5/target/usr/lib/libm.so
END GROUP
LOAD /opt/STM/STLinux-2.4/devkit/armv5/lib/gcc/arm-926ejs-linux-gnueabi/4.6.3/libgcc.a
LOAD /opt/STM/STLinux-2.4/devkit/armv5/lib/gcc/arm-926ejs-linux-gnueabi/4.6.3/libgcc_eh.a
LOAD /opt/STM/STLinux-2.4/devkit/armv5/target/usr/lib/libc.so
START GROUP
LOAD /opt/STM/STLinux-2.4/devkit/armv5/target/lib/libc.so.6
LOAD /opt/STM/STLinux-2.4/devkit/armv5/target/usr/lib/libc_nonshared.a
LOAD /opt/STM/STLinux-2.4/devkit/armv5/target/lib/ld-linux.so.3
END GROUP
LOAD /opt/STM/STLinux-2.4/devkit/armv5/lib/gcc/arm-926ejs-linux-gnueabi/4.6.3/libgcc.a
LOAD /opt/STM/STLinux-2.4/devkit/armv5/lib/gcc/arm-926ejs-linux-gnueabi/4.6.3/libgcc_eh.a
LOAD /opt/STM/STLinux-2.4/devkit/armv5/lib/gcc/arm-926ejs-linux-gnueabi/4.6.3/crtend.o
LOAD /opt/STM/STLinux-2.4/devkit/armv5/target/usr/lib/crtn.o
                0x00008000                PROVIDE (__executable_start, 0x8000)
                0x00008134                . = (0x8000 + SIZEOF_HEADERS)

.interp         0x00008134       0x13
 *(SORT(.interp))
 .interp        0x00008134       0x13 /opt/STM/STLinux-2.4/devkit/armv5/target/usr/lib/crt1.o

.note.ABI-tag   0x00008148       0x20
 .note.ABI-tag  0x00008148       0x20 /opt/STM/STLinux-2.4/devkit/armv5/target/usr/lib/crt1.o

.note.gnu.build-id
 *(SORT(.note.gnu.build-id))

.hash
 *(SORT(.hash))

.gnu.hash       0x00008168      0xb24
 *(SORT(.gnu.hash))
 .gnu.hash      0x00008168      0xb24 /opt/STM/STLinux-2.4/devkit/armv5/target/usr/lib/crt1.o

.dynsym         0x00008c8c     0x1850
 *(SORT(.dynsym))
 .dynsym        0x00008c8c     0x1850 /opt/STM/STLinux-2.4/devkit/armv5/target/usr/lib/crt1.o

.dynstr         0x0000a4dc      0xcb1
 *(SORT(.dynstr))
 .dynstr        0x0000a4dc      0xcb1 /opt/STM/STLinux-2.4/devkit/armv5/target/usr/lib/crt1.o

.gnu.version    0x0000b18e      0x30a
 *(SORT(.gnu.version))
 .gnu.version   0x0000b18e      0x30a /opt/STM/STLinux-2.4/devkit/armv5/target/usr/lib/crt1.o

.gnu.version_d  0x0000b498        0x0
 *(SORT(.gnu.version_d))
 .gnu.version_d
                0x00000000        0x0 /opt/STM/STLinux-2.4/devkit/armv5/target/usr/lib/crt1.o

.gnu.version_r  0x0000b498       0x40
 *(SORT(.gnu.version_r))
 .gnu.version_r
                0x0000b498       0x40 /opt/STM/STLinux-2.4/devkit/armv5/target/usr/lib/crt1.o

.rel.dyn        0x0000b4d8       0x58
 *(SORT(.rel.init))
 *(SORT(.rel.text) SORT(.rel.text.*) SORT(.rel.gnu.linkonce.t.*))
 *(SORT(.rel.fini))
 *(SORT(.rel.rodata) SORT(.rel.rodata.*) SORT(.rel.gnu.linkonce.r.*))
 *(SORT(.rel.data.rel.ro*) SORT(.rel.gnu.linkonce.d.rel.ro.*))
 *(SORT(.rel.data) SORT(.rel.data.*) SORT(.rel.gnu.linkonce.d.*))
 *(SORT(.rel.tdata) SORT(.rel.tdata.*) SORT(.rel.gnu.linkonce.td.*))
 *(SORT(.rel.tbss) SORT(.rel.tbss.*) SORT(.rel.gnu.linkonce.tb.*))
 *(SORT(.rel.ctors))
 *(SORT(.rel.dtors))
 *(SORT(.rel.got))
 .rel.got       0x0000b4d8       0x18 /opt/STM/STLinux-2.4/devkit/armv5/target/usr/lib/crt1.o
 *(SORT(.rel.bss) SORT(.rel.bss.*) SORT(.rel.gnu.linkonce.b.*))
 .rel.bss       0x0000b4f0       0x40 /opt/STM/STLinux-2.4/devkit/armv5/target/usr/lib/crt1.o
                0x0000b530                PROVIDE (__rel_iplt_start, .)
 *(SORT(.rel.iplt))
 .rel.iplt      0x00000000        0x0 /opt/STM/STLinux-2.4/devkit/armv5/target/usr/lib/crt1.o
                0x0000b530                PROVIDE (__rel_iplt_end, .)
                0x0000b530                PROVIDE (__rela_iplt_start, .)
                0x0000b530                PROVIDE (__rela_iplt_end, .)

.rela.dyn       0x0000b530        0x0
 *(SORT(.rela.init))
 *(SORT(.rela.text) SORT(.rela.text.*) SORT(.rela.gnu.linkonce.t.*))
 *(SORT(.rela.fini))
 *(SORT(.rela.rodata) SORT(.rela.rodata.*) SORT(.rela.gnu.linkonce.r.*))
 *(SORT(.rela.data) SORT(.rela.data.*) SORT(.rela.gnu.linkonce.d.*))
 *(SORT(.rela.tdata) SORT(.rela.tdata.*) SORT(.rela.gnu.linkonce.td.*))
 *(SORT(.rela.tbss) SORT(.rela.tbss.*) SORT(.rela.gnu.linkonce.tb.*))
 *(SORT(.rela.ctors))
 *(SORT(.rela.dtors))
 *(SORT(.rela.got))
 *(SORT(.rela.bss) SORT(.rela.bss.*) SORT(.rela.gnu.linkonce.b.*))
                0x0000b530                PROVIDE (__rel_iplt_start, .)
                0x0000b530                PROVIDE (__rel_iplt_end, .)
                0x0000b530                PROVIDE (__rela_iplt_start, .)
 *(SORT(.rela.iplt))
                0x0000b530                PROVIDE (__rela_iplt_end, .)

.rel.plt        0x0000b530      0xbb0
 *(SORT(.rel.plt))
 .rel.plt       0x0000b530      0xbb0 /opt/STM/STLinux-2.4/devkit/armv5/target/usr/lib/crt1.o

.rela.plt
 *(SORT(.rela.plt))

.init           0x0000c0e0        0xc
 *(SORT(.init))
 .init          0x0000c0e0        0x8 /opt/STM/STLinux-2.4/devkit/armv5/target/usr/lib/crti.o
                0x0000c0e0                _init
 .init          0x0000c0e8        0x4 /opt/STM/STLinux-2.4/devkit/armv5/target/usr/lib/crtn.o

.plt            0x0000c0ec     0x119c
 *(SORT(.plt))
 .plt           0x0000c0ec     0x119c /opt/STM/STLinux-2.4/devkit/armv5/target/usr/lib/crt1.o
                0x0000c100                fdopen@@GLIBC_2.4
                0x0000c10c                sched_get_priority_min@@GLIBC_2.4
                0x0000c118                fputs_unlocked@@GLIBC_2.4
                0x0000c124                strstr@@GLIBC_2.4
                0x0000c130                gnu_dev_major@@GLIBC_2.4
                0x0000c13c                ether_hostton@@GLIBC_2.4
                0x0000c148                raise@@GLIBC_2.4
                0x0000c154                lutimes@@GLIBC_2.4
                0x0000c160                cfmakeraw@@GLIBC_2.4
                0x0000c16c                vasprintf@@GLIBC_2.4
                0x0000c178                sendfile64@@GLIBC_2.4
                0x0000c184                bindresvport@@GLIBC_2.4
                0x0000c190                gmtime_r@@GLIBC_2.4
                0x0000c19c                log@@GLIBC_2.4
                0x0000c1a8                strverscmp@@GLIBC_2.4
                0x0000c1b4                inet_aton@@GLIBC_2.4
                0x0000c1c0                fsync@@GLIBC_2.4
                0x0000c1cc                setbuf@@GLIBC_2.4
                0x0000c1d8                __res_init@@GLIBC_2.4
                0x0000c1e4                strcasestr@@GLIBC_2.4
                0x0000c1f0                strcmp@@GLIBC_2.4
                0x0000c1fc                updwtmp@@GLIBC_2.4
                0x0000c208                strtol@@GLIBC_2.4
                0x0000c214                setsockopt@@GLIBC_2.4
                0x0000c220                strcspn@@GLIBC_2.4
                0x0000c22c                times@@GLIBC_2.4
                0x0000c238                gnu_dev_makedev@@GLIBC_2.4
                0x0000c244                dprintf@@GLIBC_2.4
                0x0000c250                pause@@GLIBC_2.4
                0x0000c25c                clearenv@@GLIBC_2.4
                0x0000c268                printf@@GLIBC_2.4
                0x0000c274                hstrerror@@GLIBC_2.4
                0x0000c280                gnu_dev_minor@@GLIBC_2.4
                0x0000c28c                getusershell@@GLIBC_2.4
                0x0000c298                regerror@@GLIBC_2.4
                0x0000c2a4                setrlimit64@@GLIBC_2.4
                0x0000c2b0                read@@GLIBC_2.4
                0x0000c2bc                tcflush@@GLIBC_2.4
                0x0000c2c8                endutent@@GLIBC_2.4
                0x0000c2d4                mktime@@GLIBC_2.4
                0x0000c2e0                longjmp@@GLIBC_2.4
                0x0000c2ec                fflush@@GLIBC_2.4
                0x0000c2f8                if_indextoname@@GLIBC_2.4
                0x0000c304                getuid@@GLIBC_2.4
                0x0000c310                sigprocmask@@GLIBC_2.4
                0x0000c31c                _setjmp@@GLIBC_2.4
                0x0000c328                memmove@@GLIBC_2.4
                0x0000c334                strchrnul@@GLIBC_2.4
                0x0000c340                free@@GLIBC_2.4
                0x0000c34c                pututline@@GLIBC_2.4
                0x0000c358                pmap_set@@GLIBC_2.4
                0x0000c364                nanosleep@@GLIBC_2.4
                0x0000c370                umount@@GLIBC_2.4
                0x0000c37c                ferror@@GLIBC_2.4
                0x0000c388                inet_pton@@GLIBC_2.4
                0x0000c394                _exit@@GLIBC_2.4
                0x0000c3a0                __res_state@@GLIBC_2.4
                0x0000c3ac                memcpy@@GLIBC_2.4
                0x0000c3b8                tcsendbreak@@GLIBC_2.4
                0x0000c3c4                pivot_root@@GLIBC_2.4
                0x0000c3d0                execvp@@GLIBC_2.4
                0x0000c3dc                execlp@@GLIBC_2.4
                0x0000c3e8                mmap64@@GLIBC_2.4
                0x0000c3f4                shmget@@GLIBC_2.4
                0x0000c400                signal@@GLIBC_2.4
                0x0000c40c                time@@GLIBC_2.4
                0x0000c418                rmdir@@GLIBC_2.4
                0x0000c424                gethostid@@GLIBC_2.4
                0x0000c430                tcsetpgrp@@GLIBC_2.4
                0x0000c43c                sendmsg@@GLIBC_2.4
                0x0000c448                pow@@GLIBC_2.4
                0x0000c454                ftruncate64@@GLIBC_2.4
                0x0000c460                memcmp@@GLIBC_2.4
                0x0000c46c                inet_ntoa@@GLIBC_2.4
                0x0000c478                select@@GLIBC_2.4
                0x0000c484                swapon@@GLIBC_2.4
                0x0000c490                sleep@@GLIBC_2.4
                0x0000c49c                stpcpy@@GLIBC_2.4
                0x0000c4a8                getc_unlocked@@GLIBC_2.4
                0x0000c4b4                uname@@GLIBC_2.4
                0x0000c4c0                ctime@@GLIBC_2.4
                0x0000c4cc                gethostbyaddr@@GLIBC_2.4
                0x0000c4d8                recvfrom@@GLIBC_2.4
                0x0000c4e4                strdup@@GLIBC_2.4
                0x0000c4f0                cfgetispeed@@GLIBC_2.4
                0x0000c4fc                alarm@@GLIBC_2.4
                0x0000c508                getrpcbyname@@GLIBC_2.4
                0x0000c514                msgctl@@GLIBC_2.4
                0x0000c520                sysconf@@GLIBC_2.4
                0x0000c52c                unlink@@GLIBC_2.4
                0x0000c538                dup2@@GLIBC_2.4
                0x0000c544                reboot@@GLIBC_2.4
                0x0000c550                getrlimit64@@GLIBC_2.4
                0x0000c55c                realloc@@GLIBC_2.4
                0x0000c568                killpg@@GLIBC_2.4
                0x0000c574                strptime@@GLIBC_2.4
                0x0000c580                dup@@GLIBC_2.4
                0x0000c58c                socketpair@@GLIBC_2.4
                0x0000c598                getpriority@@GLIBC_2.4
                0x0000c5a4                sigismember@@GLIBC_2.4
                0x0000c5b0                regexec@@GLIBC_2.4
                0x0000c5bc                localtime_r@@GLIBC_2.4
                0x0000c5c8                wait@@GLIBC_2.4
                0x0000c5d4                getlogin_r@@GLIBC_2.4
                0x0000c5e0                shmat@@GLIBC_2.4
                0x0000c5ec                sigisemptyset@@GLIBC_2.4
                0x0000c5f8                chdir@@GLIBC_2.4
                0x0000c604                strcasecmp@@GLIBC_2.4
                0x0000c610                getpgrp@@GLIBC_2.4
                0x0000c61c                unlockpt@@GLIBC_2.4
                0x0000c628                geteuid@@GLIBC_2.4
                0x0000c634                strsignal@@GLIBC_2.4
                0x0000c640                tzset@@GLIBC_2.4
                0x0000c64c                poll@@GLIBC_2.4
                0x0000c658                accept@@GLIBC_2.4
                0x0000c664                setgroups@@GLIBC_2.4
                0x0000c670                cfsetospeed@@GLIBC_2.4
                0x0000c67c                semop@@GLIBC_2.4
                0x0000c688                seteuid@@GLIBC_2.4
                0x0000c694                __fxstat64@@GLIBC_2.4
                0x0000c6a0                readlink@@GLIBC_2.4
                0x0000c6ac                getegid@@GLIBC_2.4
                0x0000c6b8                sigaction@@GLIBC_2.4
                0x0000c6c4                fwrite@@GLIBC_2.4
                0x0000c6d0                strcat@@GLIBC_2.4
                0x0000c6dc                getsockopt@@GLIBC_2.4
                0x0000c6e8                ioctl@@GLIBC_2.4
                0x0000c6f4                sched_getscheduler@@GLIBC_2.4
                0x0000c700                lseek64@@GLIBC_2.4
                0x0000c70c                regfree@@GLIBC_2.4
                0x0000c718                strtoll@@GLIBC_2.4
                0x0000c724                usleep@@GLIBC_2.4
                0x0000c730                readahead@@GLIBC_2.4
                0x0000c73c                waitpid@@GLIBC_2.4
                0x0000c748                hasmntopt@@GLIBC_2.4
                0x0000c754                tcsetattr@@GLIBC_2.4
                0x0000c760                munlock@@GLIBC_2.4
                0x0000c76c                strcpy@@GLIBC_2.4
                0x0000c778                chroot@@GLIBC_2.4
                0x0000c784                gettimeofday@@GLIBC_2.4
                0x0000c790                fread@@GLIBC_2.4
                0x0000c79c                pread64@@GLIBC_2.4
                0x0000c7a8                sched_yield@@GLIBC_2.4
                0x0000c7b4                ptsname_r@@GLIBC_2.4
                0x0000c7c0                shmctl@@GLIBC_2.4
                0x0000c7cc                creat64@@GLIBC_2.4
                0x0000c7d8                strtok_r@@GLIBC_2.4
                0x0000c7e4                daemon@@GLIBC_2.4
                0x0000c7f0                getmntent@@GLIBC_2.4
                0x0000c7fc                opendir@@GLIBC_2.4
                0x0000c808                umount2@@GLIBC_2.4
                0x0000c814                fnmatch@@GLIBC_2.4
                0x0000c820                open64@@GLIBC_2.4
                0x0000c82c                sched_get_priority_max@@GLIBC_2.4
                0x0000c838                getenv@@GLIBC_2.4
                0x0000c844                setpriority@@GLIBC_2.4
                0x0000c850                mkstemp64@@GLIBC_2.4
                0x0000c85c                __gnu_Unwind_Find_exidx@@GLIBC_2.4
                0x0000c868                puts@@GLIBC_2.4
                0x0000c874                setgid@@GLIBC_2.4
                0x0000c880                sysinfo@@GLIBC_2.4
                0x0000c88c                malloc@@GLIBC_2.4
                0x0000c8a4                settimeofday@@GLIBC_2.4
                0x0000c8b0                sigaddset@@GLIBC_2.4
                0x0000c8bc                __libc_start_main@@GLIBC_2.4
                0x0000c8c8                strerror@@GLIBC_2.4
                0x0000c8d4                system@@GLIBC_2.4
                0x0000c8e0                strftime@@GLIBC_2.4
                0x0000c8ec                tcdrain@@GLIBC_2.4
                0x0000c8f8                __h_errno_location@@GLIBC_2.4
                0x0000c904                adjtimex@@GLIBC_2.4
                0x0000c910                localtime@@GLIBC_2.4
                0x0000c91c                strsep@@GLIBC_2.4
                0x0000c928                mktemp@@GLIBC_2.4
                0x0000c934                scanf@@GLIBC_2.4
                0x0000c940                closelog@@GLIBC_2.4
                0x0000c94c                sethostname@@GLIBC_2.4
                0x0000c958                dirname@@GLIBC_2.4
                0x0000c970                freopen64@@GLIBC_2.4
                0x0000c97c                mempcpy@@GLIBC_2.4
                0x0000c988                rename@@GLIBC_2.4
                0x0000c994                getopt_long@@GLIBC_2.4
                0x0000c9a0                kill@@GLIBC_2.4
                0x0000c9ac                getcwd@@GLIBC_2.4
                0x0000c9b8                getpid@@GLIBC_2.4
                0x0000c9c4                exit@@GLIBC_2.4
                0x0000c9d0                syscall@@GLIBC_2.4
                0x0000c9dc                sin@@GLIBC_2.4
                0x0000c9e8                feof@@GLIBC_2.4
                0x0000c9f4                flock@@GLIBC_2.4
                0x0000ca0c                strtoul@@GLIBC_2.4
                0x0000ca18                tcgetpgrp@@GLIBC_2.4
                0x0000ca24                strlen@@GLIBC_2.4
                0x0000ca30                getchar_unlocked@@GLIBC_2.4
                0x0000ca3c                setsid@@GLIBC_2.4
                0x0000ca48                vprintf@@GLIBC_2.4
                0x0000ca54                setpgrp@@GLIBC_2.4
                0x0000ca60                sched_getparam@@GLIBC_2.4
                0x0000ca6c                strchr@@GLIBC_2.4
                0x0000ca78                srand@@GLIBC_2.4
                0x0000ca84                setenv@@GLIBC_2.4
                0x0000ca90                personality@@GLIBC_2.4
                0x0000ca9c                memrchr@@GLIBC_2.4
                0x0000caa8                ttyname_r@@GLIBC_2.4
                0x0000cab4                fchown@@GLIBC_2.4
                0x0000cac0                execve@@GLIBC_2.4
                0x0000cacc                nice@@GLIBC_2.4
                0x0000cad8                getopt@@GLIBC_2.4
                0x0000cae4                fprintf@@GLIBC_2.4
                0x0000caf0                getpagesize@@GLIBC_2.4
                0x0000cafc                cfsetispeed@@GLIBC_2.4
                0x0000cb08                chown@@GLIBC_2.4
                0x0000cb14                ungetc@@GLIBC_2.4
                0x0000cb20                fcntl@@GLIBC_2.4
                0x0000cb2c                setlinebuf@@GLIBC_2.4
                0x0000cb38                grantpt@@GLIBC_2.4
                0x0000cb44                execv@@GLIBC_2.4
                0x0000cb50                sqrt@@GLIBC_2.4
                0x0000cb5c                cfgetospeed@@GLIBC_2.4
                0x0000cb68                sigfillset@@GLIBC_2.4
                0x0000cb74                __errno_location@@GLIBC_2.4
                0x0000cb80                strncasecmp@@GLIBC_2.4
                0x0000cb8c                getservbyname@@GLIBC_2.4
                0x0000cb98                klogctl@@GLIBC_2.4
                0x0000cba4                snprintf@@GLIBC_2.4
                0x0000cbb0                __cxa_atexit@@GLIBC_2.4
                0x0000cbbc                mkdir@@GLIBC_2.4
                0x0000cbc8                semget@@GLIBC_2.4
                0x0000cbd4                bind@@GLIBC_2.4
                0x0000cbe0                setvbuf@@GLIBC_2.4
                0x0000cbec                getservbyport@@GLIBC_2.4
                0x0000cbf8                getgid@@GLIBC_2.4
                0x0000cc04                memset@@GLIBC_2.4
                0x0000cc10                getmntent_r@@GLIBC_2.4
                0x0000cc1c                bsearch@@GLIBC_2.4
                0x0000cc28                sigtimedwait@@GLIBC_2.4
                0x0000cc34                utimes@@GLIBC_2.4
                0x0000cc40                putchar@@GLIBC_2.4
                0x0000cc4c                strncpy@@GLIBC_2.4
                0x0000cc58                fscanf@@GLIBC_2.4
                0x0000cc64                mallopt@@GLIBC_2.4
                0x0000cc70                setutent@@GLIBC_2.4
                0x0000cc7c                sigsuspend@@GLIBC_2.4
                0x0000cc88                strtoull@@GLIBC_2.4
                0x0000cc94                getutent@@GLIBC_2.4
                0x0000cca0                gmtime@@GLIBC_2.4
                0x0000ccac                wait3@@GLIBC_2.4
                0x0000ccb8                strtod@@GLIBC_2.4
                0x0000ccc4                link@@GLIBC_2.4
                0x0000ccd0                write@@GLIBC_2.4
                0x0000ccdc                sigdelset@@GLIBC_2.4
                0x0000cce8                fileno@@GLIBC_2.4
                0x0000ccf4                mlock@@GLIBC_2.4
                0x0000cd00                asprintf@@GLIBC_2.4
                0x0000cd0c                getopt_long_only@@GLIBC_2.4
                0x0000cd18                ether_aton_r@@GLIBC_2.4
                0x0000cd24                shmdt@@GLIBC_2.4
                0x0000cd30                vfork@@GLIBC_2.4
                0x0000cd3c                memchr@@GLIBC_2.4
                0x0000cd48                vsprintf@@GLIBC_2.4
                0x0000cd54                access@@GLIBC_2.4
                0x0000cd60                rand@@GLIBC_2.4
                0x0000cd6c                setegid@@GLIBC_2.4
                0x0000cd78                fclose@@GLIBC_2.4
                0x0000cd84                getsid@@GLIBC_2.4
                0x0000cd90                strnlen@@GLIBC_2.4
                0x0000cd9c                pipe@@GLIBC_2.4
                0x0000cda8                pmap_unset@@GLIBC_2.4
                0x0000cdb4                fseeko64@@GLIBC_2.4
                0x0000cdc0                endmntent@@GLIBC_2.4
                0x0000cdcc                ether_ntoa@@GLIBC_2.4
                0x0000cdd8                munmap@@GLIBC_2.4
                0x0000cde4                strtok@@GLIBC_2.4
                0x0000cdf0                glob64@@GLIBC_2.4
                0x0000cdfc                semctl@@GLIBC_2.4
                0x0000ce08                sendto@@GLIBC_2.4
                0x0000ce14                shutdown@@GLIBC_2.4
                0x0000ce20                sigemptyset@@GLIBC_2.4
                0x0000ce2c                popen@@GLIBC_2.4
                0x0000ce38                fork@@GLIBC_2.4
                0x0000ce44                execle@@GLIBC_2.4
                0x0000ce50                putenv@@GLIBC_2.4
                0x0000ce5c                stime@@GLIBC_2.4
                0x0000ce68                getnameinfo@@GLIBC_2.4
                0x0000ce74                execl@@GLIBC_2.4
                0x0000ce80                strrchr@@GLIBC_2.4
                0x0000ce8c                listen@@GLIBC_2.4
                0x0000ce98                vfprintf@@GLIBC_2.4
                0x0000cea4                delete_module@@GLIBC_2.4
                0x0000ceb0                statfs64@@GLIBC_2.4
                0x0000cebc                __sigsetjmp@@GLIBC_2.4
                0x0000cec8                lchown@@GLIBC_2.4
                0x0000ced4                malloc_trim@@GLIBC_2.4
                0x0000cee0                fputc@@GLIBC_2.4
                0x0000ceec                globfree64@@GLIBC_2.4
                0x0000cef8                syslog@@GLIBC_2.4
                0x0000cf04                setresuid@@GLIBC_2.4
                0x0000cf10                symlink@@GLIBC_2.4
                0x0000cf1c                setuid@@GLIBC_2.4
                0x0000cf28                sscanf@@GLIBC_2.4
                0x0000cf34                setpgid@@GLIBC_2.4
                0x0000cf40                clearerr@@GLIBC_2.4
                0x0000cf4c                sprintf@@GLIBC_2.4
                0x0000cf58                readdir64@@GLIBC_2.4
                0x0000cf64                mkdtemp@@GLIBC_2.4
                0x0000cf70                openlog@@GLIBC_2.4
                0x0000cf7c                regcomp@@GLIBC_2.4
                0x0000cf88                getgroups@@GLIBC_2.4
                0x0000cf94                exp@@GLIBC_2.4
                0x0000cfa0                init_module@@GLIBC_2.4
                0x0000cfac                getsockname@@GLIBC_2.4
                0x0000cfb8                vsnprintf@@GLIBC_2.4
                0x0000cfc4                getppid@@GLIBC_2.4
                0x0000cfd0                atoi@@GLIBC_2.4
                0x0000cfdc                recvmsg@@GLIBC_2.4
                0x0000cfe8                fchdir@@GLIBC_2.4
                0x0000cff4                fopen64@@GLIBC_2.4
                0x0000d000                qsort@@GLIBC_2.4
                0x0000d00c                utmpname@@GLIBC_2.4
                0x0000d018                getpeername@@GLIBC_2.4
                0x0000d024                strpbrk@@GLIBC_2.4
                0x0000d030                msgget@@GLIBC_2.4
                0x0000d03c                freeaddrinfo@@GLIBC_2.4
                0x0000d048                getaddrinfo@@GLIBC_2.4
                0x0000d054                acct@@GLIBC_2.4
                0x0000d060                inet_ntop@@GLIBC_2.4
                0x0000d06c                fgets_unlocked@@GLIBC_2.4
                0x0000d078                socket@@GLIBC_2.4
                0x0000d084                setmntent@@GLIBC_2.4
                0x0000d090                cfsetspeed@@GLIBC_2.4
                0x0000d09c                atof@@GLIBC_2.4
                0x0000d0a8                inet_addr@@GLIBC_2.4
                0x0000d0b4                __cmsg_nxthdr@@GLIBC_2.4
                0x0000d0c0                sync@@GLIBC_2.4
                0x0000d0cc                getline@@GLIBC_2.4
                0x0000d0d8                if_nametoindex@@GLIBC_2.4
                0x0000d0e4                umask@@GLIBC_2.4
                0x0000d0f0                swapoff@@GLIBC_2.4
                0x0000d0fc                chmod@@GLIBC_2.4
                0x0000d108                gethostbyname@@GLIBC_2.4
                0x0000d114                __xstat64@@GLIBC_2.4
                0x0000d120                isatty@@GLIBC_2.4
                0x0000d12c                __xmknod@@GLIBC_2.4
                0x0000d138                unsetenv@@GLIBC_2.4
                0x0000d144                fputs@@GLIBC_2.4
                0x0000d150                strncmp@@GLIBC_2.4
                0x0000d15c                fdatasync@@GLIBC_2.4
                0x0000d168                abort@@GLIBC_2.4
                0x0000d174                recv@@GLIBC_2.4
                0x0000d180                realpath@@GLIBC_2.4
                0x0000d18c                siglongjmp@@GLIBC_2.4
                0x0000d198                close@@GLIBC_2.4
                0x0000d1a4                __lxstat64@@GLIBC_2.4
                0x0000d1b0                setresgid@@GLIBC_2.4
                0x0000d1bc                mkfifo@@GLIBC_2.4
                0x0000d1c8                send@@GLIBC_2.4
                0x0000d1d4                connect@@GLIBC_2.4
                0x0000d1e0                closedir@@GLIBC_2.4
                0x0000d1ec                div@@GLIBC_2.4
                0x0000d1f8                atan2@@GLIBC_2.4
                0x0000d204                sched_setscheduler@@GLIBC_2.4
                0x0000d210                putchar_unlocked@@GLIBC_2.4
                0x0000d21c                strspn@@GLIBC_2.4
                0x0000d228                fchmod@@GLIBC_2.4
                0x0000d234                cos@@GLIBC_2.4
                0x0000d240                tcgetattr@@GLIBC_2.4
                0x0000d24c                putc_unlocked@@GLIBC_2.4
                0x0000d258                tcgetsid@@GLIBC_2.4
                0x0000d264                ftello64@@GLIBC_2.4
                0x0000d270                pclose@@GLIBC_2.4
                0x0000d27c                mount@@GLIBC_2.4

.iplt           0x0000d288        0x0
 *(SORT(.iplt))
 .iplt          0x00000000        0x0 /opt/STM/STLinux-2.4/devkit/armv5/target/usr/lib/crt1.o

.text           0x0000d288    0xbff18
 *(SORT(.text.unlikely) SORT(.text.*_unlikely))
 *(SORT(.text.exit) SORT(.text.exit.*))
 *(SORT(.text.startup) SORT(.text.startup.*))
 *(SORT(.text.hot) SORT(.text.hot.*))
 *(SORT(.text) SORT(.stub) SORT(.text.*) SORT(.gnu.linkonce.t.*))
 .text          0x0000d288       0x3c /opt/STM/STLinux-2.4/devkit/armv5/target/usr/lib/crt1.o
                0x0000d288                _start
 .text          0x0000d2c4       0x24 /opt/STM/STLinux-2.4/devkit/armv5/target/usr/lib/crti.o
 .text          0x0000d2e8       0x4c /opt/STM/STLinux-2.4/devkit/armv5/lib/gcc/arm-926ejs-linux-gnueabi/4.6.3/crtbegin.o
 .text.get_trimmed_slice
                0x0000d334       0x34 libbb/lib.a(appletlib.o)
 .text.applet_name_compare
                0x0000d368       0x24 libbb/lib.a(appletlib.o)
 .text.find_applet_by_name
                0x0000d38c       0x2c libbb/lib.a(appletlib.o)
                0x0000d38c                find_applet_by_name
 .text.parse_config_file
                0x0000d3b8      0x308 libbb/lib.a(appletlib.o)
 .text.bb_show_usage
                0x0000d6c0       0xf4 libbb/lib.a(appletlib.o)
                0x0000d6c0                bb_show_usage
 .text.lbb_prepare
                0x0000d7b4       0x28 libbb/lib.a(appletlib.o)
                0x0000d7b4                lbb_prepare
 .text.run_applet_no_and_exit
                0x0000d7dc      0x238 libbb/lib.a(appletlib.o)
                0x0000d7dc                run_applet_no_and_exit
 .text.run_applet_and_exit
                0x0000da14      0x388 libbb/lib.a(appletlib.o)
                0x0000da14                run_applet_and_exit
 .text.main     0x0000dd9c       0x84 libbb/lib.a(appletlib.o)
                0x0000dd9c                main
 .text.concat_path_file
                0x0000de20       0x64 libbb/lib.a(concat_path_file.o)
                0x0000de20                concat_path_file
 .text.bb_basename
                0x0000de84       0x20 libbb/lib.a(get_last_path_component.o)
                0x0000de84                bb_basename
 .text.bb_get_last_path_component_nostrip
                0x0000dea4       0x38 libbb/lib.a(get_last_path_component.o)
                0x0000dea4                bb_get_last_path_component_nostrip
 .text.bb_get_last_path_component_strip
                0x0000dedc       0x54 libbb/lib.a(get_last_path_component.o)
                0x0000dedc                bb_get_last_path_component_strip
 .text.last_char_is
                0x0000df30       0x3c libbb/lib.a(last_char_is.o)
                0x0000df30                last_char_is
 .text.llist_add_to
                0x0000df6c       0x28 libbb/lib.a(llist.o)
                0x0000df6c                llist_add_to
 .text.llist_add_to_end
                0x0000df94       0x34 libbb/lib.a(llist.o)
                0x0000df94                llist_add_to_end
 .text.llist_pop
                0x0000dfc8       0x2c libbb/lib.a(llist.o)
                0x0000dfc8                llist_pop
 .text.llist_unlink
                0x0000dff4       0x34 libbb/lib.a(llist.o)
                0x0000dff4                llist_unlink
 .text.llist_free
                0x0000e028       0x38 libbb/lib.a(llist.o)
                0x0000e028                llist_free
 .text.llist_find_str
                0x0000e060       0x38 libbb/lib.a(llist.o)
                0x0000e060                llist_find_str
 .text.bb_perror_msg
                0x0000e098       0x48 libbb/lib.a(perror_msg.o)
                0x0000e098                bb_perror_msg
 .text.bb_perror_msg_and_die
                0x0000e0e0       0x40 libbb/lib.a(perror_msg.o)
                0x0000e0e0                bb_perror_msg_and_die
 .text.bb_simple_perror_msg
                0x0000e120       0x10 libbb/lib.a(perror_msg.o)
                0x0000e120                bb_simple_perror_msg
 .text.bb_simple_perror_msg_and_die
                0x0000e130       0x14 libbb/lib.a(perror_msg.o)
                0x0000e130                bb_simple_perror_msg_and_die
 .text.skip_whitespace
                0x0000e144       0x20 libbb/lib.a(skip_whitespace.o)
                0x0000e144                skip_whitespace
 .text.skip_non_whitespace
                0x0000e164       0x28 libbb/lib.a(skip_whitespace.o)
                0x0000e164                skip_non_whitespace
 .text.skip_dev_pfx
                0x0000e18c       0x28 libbb/lib.a(skip_whitespace.o)
                0x0000e18c                skip_dev_pfx
 .text.bb_verror_msg
                0x0000e1b4      0x1c8 libbb/lib.a(verror_msg.o)
                0x0000e1b4                bb_verror_msg
 .text.bb_error_msg_and_die
                0x0000e37c       0x20 libbb/lib.a(verror_msg.o)
                0x0000e37c                bb_error_msg_and_die
 .text.bb_error_msg
                0x0000e39c       0x28 libbb/lib.a(verror_msg.o)
                0x0000e39c                bb_error_msg
 .text.xfdopen_helper
                0x0000e3c4       0x38 libbb/lib.a(wfopen.o)
 .text.fopen_or_warn
                0x0000e3fc       0x24 libbb/lib.a(wfopen.o)
                0x0000e3fc                fopen_or_warn
 .text.fopen_for_read
                0x0000e420        0xc libbb/lib.a(wfopen.o)
                0x0000e420                fopen_for_read
 .text.xfopen_for_read
                0x0000e42c        0xc libbb/lib.a(wfopen.o)
                0x0000e42c                xfopen_for_read
 .text.fopen_for_write
                0x0000e438        0xc libbb/lib.a(wfopen.o)
                0x0000e438                fopen_for_write
 .text.xfopen_for_write
                0x0000e444        0xc libbb/lib.a(wfopen.o)
                0x0000e444                xfopen_for_write
 .text.xfdopen_for_read
                0x0000e450        0x8 libbb/lib.a(wfopen.o)
                0x0000e450                xfdopen_for_read
 .text.xfdopen_for_write
                0x0000e458        0xc libbb/lib.a(wfopen.o)
                0x0000e458                xfdopen_for_write
 .text.xfunc_die
                0x0000e464       0x50 libbb/lib.a(xfunc_die.o)
                0x0000e464                xfunc_die
 .text.wh_helper
                0x0000e4b4       0x50 libbb/lib.a(xfuncs.o)
 .text.ndelay_on
                0x0000e504       0x34 libbb/lib.a(xfuncs.o)
                0x0000e504                ndelay_on
 .text.ndelay_off
                0x0000e538       0x34 libbb/lib.a(xfuncs.o)
                0x0000e538                ndelay_off
 .text.close_on_exec_on
                0x0000e56c        0xc libbb/lib.a(xfuncs.o)
                0x0000e56c                close_on_exec_on
 .text.strncpy_IFNAMSIZ
                0x0000e578        0x8 libbb/lib.a(xfuncs.o)
                0x0000e578                strncpy_IFNAMSIZ
 .text.utoa_to_buf
                0x0000e580       0x94 libbb/lib.a(xfuncs.o)
                0x0000e580                utoa_to_buf
 .text.itoa_to_buf
                0x0000e614       0x28 libbb/lib.a(xfuncs.o)
                0x0000e614                itoa_to_buf
 .text.utoa     0x0000e63c       0x28 libbb/lib.a(xfuncs.o)
                0x0000e63c                utoa
 .text.itoa     0x0000e664       0x28 libbb/lib.a(xfuncs.o)
                0x0000e664                itoa
 .text.bin2hex  0x0000e68c       0x50 libbb/lib.a(xfuncs.o)
                0x0000e68c                bin2hex
 .text.hex2bin  0x0000e6dc       0xec libbb/lib.a(xfuncs.o)
                0x0000e6dc                hex2bin
 .text.bb_putchar_stderr
                0x0000e7c8       0x1c libbb/lib.a(xfuncs.o)
                0x0000e7c8                bb_putchar_stderr
 .text.full_write1_str
                0x0000e7e4       0x20 libbb/lib.a(xfuncs.o)
                0x0000e7e4                full_write1_str
 .text.full_write2_str
                0x0000e804       0x20 libbb/lib.a(xfuncs.o)
                0x0000e804                full_write2_str
 .text.get_terminal_width_height
                0x0000e824       0x9c libbb/lib.a(xfuncs.o)
                0x0000e824                get_terminal_width_height
 .text.tcsetattr_stdin_TCSANOW
                0x0000e8c0       0x10 libbb/lib.a(xfuncs.o)
                0x0000e8c0                tcsetattr_stdin_TCSANOW
 .text.safe_waitpid
                0x0000e8d0       0x44 libbb/lib.a(xfuncs.o)
                0x0000e8d0                safe_waitpid
 .text.wait_any_nohang
                0x0000e914       0x10 libbb/lib.a(xfuncs.o)
                0x0000e914                wait_any_nohang
 .text.wait4pid
                0x0000e924       0x50 libbb/lib.a(xfuncs.o)
                0x0000e924                wait4pid
 .text.malloc_or_warn
                0x0000e974       0x3c libbb/lib.a(xfuncs_printf.o)
                0x0000e974                malloc_or_warn
 .text.xmalloc  0x0000e9b0       0x30 libbb/lib.a(xfuncs_printf.o)
                0x0000e9b0                xmalloc
 .text.xrealloc
                0x0000e9e0       0x30 libbb/lib.a(xfuncs_printf.o)
                0x0000e9e0                xrealloc
 .text.xzalloc  0x0000ea10       0x24 libbb/lib.a(xfuncs_printf.o)
                0x0000ea10                xzalloc
 .text.xstrdup  0x0000ea34       0x2c libbb/lib.a(xfuncs_printf.o)
                0x0000ea34                xstrdup
 .text.xstrndup
                0x0000ea60       0x50 libbb/lib.a(xfuncs_printf.o)
                0x0000ea60                xstrndup
 .text.xfopen   0x0000eab0       0x24 libbb/lib.a(xfuncs_printf.o)
                0x0000eab0                xfopen
 .text.xopen3   0x0000ead4       0x24 libbb/lib.a(xfuncs_printf.o)
                0x0000ead4                xopen3
 .text.xopen    0x0000eaf8        0xc libbb/lib.a(xfuncs_printf.o)
                0x0000eaf8                xopen
 .text.open3_or_warn
                0x0000eb04       0x2c libbb/lib.a(xfuncs_printf.o)
                0x0000eb04                open3_or_warn
 .text.open_or_warn
                0x0000eb30        0xc libbb/lib.a(xfuncs_printf.o)
                0x0000eb30                open_or_warn
 .text.xopen_nonblocking
                0x0000eb3c        0x8 libbb/lib.a(xfuncs_printf.o)
                0x0000eb3c                xopen_nonblocking
 .text.xunlink  0x0000eb44       0x24 libbb/lib.a(xfuncs_printf.o)
                0x0000eb44                xunlink
 .text.xrename  0x0000eb68       0x2c libbb/lib.a(xfuncs_printf.o)
                0x0000eb68                xrename
 .text.rename_or_warn
                0x0000eb94       0x34 libbb/lib.a(xfuncs_printf.o)
                0x0000eb94                rename_or_warn
 .text.xpipe    0x0000ebc8       0x1c libbb/lib.a(xfuncs_printf.o)
                0x0000ebc8                xpipe
 .text.xdup2    0x0000ebe4       0x20 libbb/lib.a(xfuncs_printf.o)
                0x0000ebe4                xdup2
 .text.xmove_fd
                0x0000ec04       0x20 libbb/lib.a(xfuncs_printf.o)
                0x0000ec04                xmove_fd
 .text.xwrite   0x0000ec24       0x24 libbb/lib.a(xfuncs_printf.o)
                0x0000ec24                xwrite
 .text.xwrite_str
                0x0000ec48       0x28 libbb/lib.a(xfuncs_printf.o)
                0x0000ec48                xwrite_str
 .text.xclose   0x0000ec70       0x1c libbb/lib.a(xfuncs_printf.o)
                0x0000ec70                xclose
 .text.xlseek   0x0000ec8c       0x58 libbb/lib.a(xfuncs_printf.o)
                0x0000ec8c                xlseek
 .text.xmkstemp
                0x0000ece4       0x24 libbb/lib.a(xfuncs_printf.o)
                0x0000ece4                xmkstemp
 .text.die_if_ferror
                0x0000ed08       0x24 libbb/lib.a(xfuncs_printf.o)
                0x0000ed08                die_if_ferror
 .text.die_if_ferror_stdout
                0x0000ed2c       0x18 libbb/lib.a(xfuncs_printf.o)
                0x0000ed2c                die_if_ferror_stdout
 .text.fflush_all
                0x0000ed44        0x8 libbb/lib.a(xfuncs_printf.o)
                0x0000ed44                fflush_all
 .text.bb_putchar
                0x0000ed4c        0x4 libbb/lib.a(xfuncs_printf.o)
                0x0000ed4c                bb_putchar
 .text.xprint_and_close_file
                0x0000ed50       0x40 libbb/lib.a(xfuncs_printf.o)
                0x0000ed50                xprint_and_close_file
 .text.xasprintf
                0x0000ed90       0x40 libbb/lib.a(xfuncs_printf.o)
                0x0000ed90                xasprintf
 .text.xsetenv  0x0000edd0       0x20 libbb/lib.a(xfuncs_printf.o)
                0x0000edd0                xsetenv
 .text.bb_unsetenv
                0x0000edf0       0x40 libbb/lib.a(xfuncs_printf.o)
                0x0000edf0                bb_unsetenv
 .text.bb_unsetenv_and_free
                0x0000ee30       0x18 libbb/lib.a(xfuncs_printf.o)
                0x0000ee30                bb_unsetenv_and_free
 .text.xsetgid  0x0000ee48       0x1c libbb/lib.a(xfuncs_printf.o)
                0x0000ee48                xsetgid
 .text.xsetuid  0x0000ee64       0x1c libbb/lib.a(xfuncs_printf.o)
                0x0000ee64                xsetuid
 .text.xsetegid
                0x0000ee80       0x1c libbb/lib.a(xfuncs_printf.o)
                0x0000ee80                xsetegid
 .text.xseteuid
                0x0000ee9c       0x1c libbb/lib.a(xfuncs_printf.o)
                0x0000ee9c                xseteuid
 .text.xopen_as_uid_gid
                0x0000eeb8       0x5c libbb/lib.a(xfuncs_printf.o)
                0x0000eeb8                xopen_as_uid_gid
 .text.xchdir   0x0000ef14       0x24 libbb/lib.a(xfuncs_printf.o)
                0x0000ef14                xchdir
 .text.xchroot  0x0000ef38       0x34 libbb/lib.a(xfuncs_printf.o)
                0x0000ef38                xchroot
 .text.warn_opendir
                0x0000ef6c       0x2c libbb/lib.a(xfuncs_printf.o)
                0x0000ef6c                warn_opendir
 .text.xopendir
                0x0000ef98       0x24 libbb/lib.a(xfuncs_printf.o)
                0x0000ef98                xopendir
 .text.xsocket  0x0000efbc       0x1c libbb/lib.a(xfuncs_printf.o)
                0x0000efbc                xsocket
 .text.xbind    0x0000efd8       0x1c libbb/lib.a(xfuncs_printf.o)
                0x0000efd8                xbind
 .text.xlisten  0x0000eff4       0x1c libbb/lib.a(xfuncs_printf.o)
                0x0000eff4                xlisten
 .text.xsendto  0x0000f010       0x30 libbb/lib.a(xfuncs_printf.o)
                0x0000f010                xsendto
 .text.xstat    0x0000f040       0x24 libbb/lib.a(xfuncs_printf.o)
                0x0000f040                xstat
 .text.xfstat   0x0000f064       0x1c libbb/lib.a(xfuncs_printf.o)
                0x0000f064                xfstat
 .text.ioctl_or_perror_and_die
                0x0000f080       0x50 libbb/lib.a(xfuncs_printf.o)
                0x0000f080                ioctl_or_perror_and_die
 .text.ioctl_or_perror
                0x0000f0d0       0x50 libbb/lib.a(xfuncs_printf.o)
                0x0000f0d0                ioctl_or_perror
 .text.bb_ioctl_or_warn
                0x0000f120       0x24 libbb/lib.a(xfuncs_printf.o)
                0x0000f120                bb_ioctl_or_warn
 .text.bb_xioctl
                0x0000f144       0x1c libbb/lib.a(xfuncs_printf.o)
                0x0000f144                bb_xioctl
 .text.xmalloc_ttyname
                0x0000f160       0x30 libbb/lib.a(xfuncs_printf.o)
                0x0000f160                xmalloc_ttyname
 .text.generate_uuid
                0x0000f190       0xa4 libbb/lib.a(xfuncs_printf.o)
                0x0000f190                generate_uuid
 .text.xfork    0x0000f234       0x1c libbb/lib.a(xfuncs_printf.o)
                0x0000f234                xfork
 .text.xmalloc_readlink
                0x0000f250       0x64 libbb/lib.a(xreadlink.o)
                0x0000f250                xmalloc_readlink
 .text.xmalloc_follow_symlinks
                0x0000f2b4       0xc0 libbb/lib.a(xreadlink.o)
                0x0000f2b4                xmalloc_follow_symlinks
 .text.xmalloc_readlink_or_warn
                0x0000f374       0x54 libbb/lib.a(xreadlink.o)
                0x0000f374                xmalloc_readlink_or_warn
 .text.xmalloc_realpath
                0x0000f3c8        0x8 libbb/lib.a(xreadlink.o)
                0x0000f3c8                xmalloc_realpath
 .text.bb_full_fd_action
                0x0000f3d0      0x190 libbb/lib.a(copyfd.o)
 .text.bb_copyfd_size
                0x0000f560       0x28 libbb/lib.a(copyfd.o)
                0x0000f560                bb_copyfd_size
 .text.bb_copyfd_exact_size
                0x0000f588       0x60 libbb/lib.a(copyfd.o)
                0x0000f588                bb_copyfd_exact_size
 .text.bb_copyfd_eof
                0x0000f5e8        0xc libbb/lib.a(copyfd.o)
                0x0000f5e8                bb_copyfd_eof
 .text.full_write
                0x0000f5f4       0x58 libbb/lib.a(full_write.o)
                0x0000f5f4                full_write
 .text.safe_read
                0x0000f64c       0x44 libbb/lib.a(read.o)
                0x0000f64c                safe_read
 .text.full_read
                0x0000f690       0x5c libbb/lib.a(read.o)
                0x0000f690                full_read
 .text.read_close
                0x0000f6ec       0x20 libbb/lib.a(read.o)
                0x0000f6ec                read_close
 .text.open_read_close
                0x0000f70c       0x2c libbb/lib.a(read.o)
                0x0000f70c                open_read_close
 .text.safe_write
                0x0000f738       0x44 libbb/lib.a(safe_write.o)
                0x0000f738                safe_write
 .text.strftime_fmt
                0x0000f77c       0x44 libbb/lib.a(time.o)
 .text.parse_datestr
                0x0000f7c0      0x46c libbb/lib.a(time.o)
                0x0000f7c0                parse_datestr
 .text.validate_tm_time
                0x0000fc2c       0x28 libbb/lib.a(time.o)
                0x0000fc2c                validate_tm_time
 .text.strftime_HHMMSS
                0x0000fc54        0xc libbb/lib.a(time.o)
                0x0000fc54                strftime_HHMMSS
 .text.strftime_YYYYMMDDHHMMSS
                0x0000fc60        0xc libbb/lib.a(time.o)
                0x0000fc60                strftime_YYYYMMDDHHMMSS
 .text.monotonic_us
                0x0000fc6c       0x30 libbb/lib.a(time.o)
                0x0000fc6c                monotonic_us
 .text.monotonic_ms
                0x0000fc9c       0x3c libbb/lib.a(time.o)
                0x0000fc9c                monotonic_ms
 .text.monotonic_sec
                0x0000fcd8        0x8 libbb/lib.a(time.o)
                0x0000fcd8                monotonic_sec
 .text.ret_ERANGE
                0x0000fce0       0x20 libbb/lib.a(bb_strtonum.o)
 .text.handle_errors.isra.0
                0x0000fd00       0x50 libbb/lib.a(bb_strtonum.o)
 .text.bb_strtoull
                0x0000fd50       0x60 libbb/lib.a(bb_strtonum.o)
                0x0000fd50                bb_strtoull
 .text.bb_strtoll
                0x0000fdb0       0x6c libbb/lib.a(bb_strtonum.o)
                0x0000fdb0                bb_strtoll
 .text.bb_strtoul
                0x0000fe1c       0x64 libbb/lib.a(bb_strtonum.o)
                0x0000fe1c                bb_strtoul
 .text.bb_strtol
                0x0000fe80       0x70 libbb/lib.a(bb_strtonum.o)
                0x0000fe80                bb_strtol
 .text.bb__pgsreader
                0x0000fef0      0x100 libpwdgrp/lib.a(pwd_grp.o)
 .text.getgrouplist_internal
                0x0000fff0       0xd4 libpwdgrp/lib.a(pwd_grp.o)
 .text.bb__parsegrent
                0x000100c4      0x16c libpwdgrp/lib.a(pwd_grp.o)
 .text.bb__parsepwent
                0x00010230       0x9c libpwdgrp/lib.a(pwd_grp.o)
 .text.bb__parsespent
                0x000102cc       0xa4 libpwdgrp/lib.a(pwd_grp.o)
 .text.get_S    0x00010370       0x2c libpwdgrp/lib.a(pwd_grp.o)
 .text.bb_internal_getpwnam_r
                0x0001039c       0x9c libpwdgrp/lib.a(pwd_grp.o)
                0x0001039c                bb_internal_getpwnam_r
 .text.bb_internal_getgrnam_r
                0x00010438       0x9c libpwdgrp/lib.a(pwd_grp.o)
                0x00010438                bb_internal_getgrnam_r
 .text.bb_internal_getspnam_r
                0x000104d4       0x9c libpwdgrp/lib.a(pwd_grp.o)
                0x000104d4                bb_internal_getspnam_r
 .text.bb_internal_getpwuid_r
                0x00010570       0x94 libpwdgrp/lib.a(pwd_grp.o)
                0x00010570                bb_internal_getpwuid_r
 .text.bb_internal_getgrgid_r
                0x00010604       0x94 libpwdgrp/lib.a(pwd_grp.o)
                0x00010604                bb_internal_getgrgid_r
 .text.bb_internal_getpwuid
                0x00010698       0x34 libpwdgrp/lib.a(pwd_grp.o)
                0x00010698                bb_internal_getpwuid
 .text.bb_internal_getgrgid
                0x000106cc       0x38 libpwdgrp/lib.a(pwd_grp.o)
                0x000106cc                bb_internal_getgrgid
 .text.bb_internal_getpwnam
                0x00010704       0x34 libpwdgrp/lib.a(pwd_grp.o)
                0x00010704                bb_internal_getpwnam
 .text.bb_internal_getgrnam
                0x00010738       0x38 libpwdgrp/lib.a(pwd_grp.o)
                0x00010738                bb_internal_getgrnam
 .text.bb_internal_getpwent_r
                0x00010770       0x90 libpwdgrp/lib.a(pwd_grp.o)
                0x00010770                bb_internal_getpwent_r
 .text.bb_internal_endgrent
                0x00010800       0x28 libpwdgrp/lib.a(pwd_grp.o)
                0x00010800                bb_internal_endgrent
 .text.bb_internal_initgroups
                0x00010828       0x3c libpwdgrp/lib.a(pwd_grp.o)
                0x00010828                bb_internal_initgroups
 .text.bb_internal_getgrouplist
                0x00010864       0x5c libpwdgrp/lib.a(pwd_grp.o)
                0x00010864                bb_internal_getgrouplist
 .text.get_uidgid
                0x000108c0      0x118 libpwdgrp/lib.a(uidgid_get.o)
                0x000108c0                get_uidgid
 .text.xget_uidgid
                0x000109d8       0x28 libpwdgrp/lib.a(uidgid_get.o)
                0x000109d8                xget_uidgid
 .text.parse_chown_usergroup_or_die
                0x00010a00       0x98 libpwdgrp/lib.a(uidgid_get.o)
                0x00010a00                parse_chown_usergroup_or_die
 .text.add_remove_shell_main
                0x00010a98      0x13c loginutils/lib.a(add-remove-shell.o)
                0x00010a98                add_remove_shell_main
 .text.addgroup_main
                0x00010bd4      0x234 loginutils/lib.a(addgroup.o)
                0x00010bd4                addgroup_main
 .text.addgroup_wrapper
                0x00010e08       0x7c loginutils/lib.a(adduser.o)
 .text.adduser_main
                0x00010e84      0x43c loginutils/lib.a(adduser.o)
                0x00010e84                adduser_main
 .text.chpasswd_main
                0x000112c0      0x1a4 loginutils/lib.a(chpasswd.o)
                0x000112c0                chpasswd_main
 .text.cryptpw_main
                0x00011464      0x13c loginutils/lib.a(cryptpw.o)
                0x00011464                cryptpw_main
 .text.deluser_main
                0x000115a0      0x180 loginutils/lib.a(deluser.o)
                0x000115a0                deluser_main
 .text.bcode    0x00011720       0x20 loginutils/lib.a(getty.o)
 .text.set_tty_attrs
                0x00011740       0x2c loginutils/lib.a(getty.o)
 .text.finalize_tty_attrs
                0x0001176c       0x88 loginutils/lib.a(getty.o)
 .text.alarm_handler
                0x000117f4       0x10 loginutils/lib.a(getty.o)
 .text.getty_main
                0x00011804      0x7d8 loginutils/lib.a(getty.o)
                0x00011804                getty_main
 .text.alarm_handler
                0x00011fdc       0x3c loginutils/lib.a(login.o)
 .text.login_main
                0x00012018      0x564 loginutils/lib.a(login.o)
                0x00012018                login_main
 .text.passwd_main
                0x0001257c      0x46c loginutils/lib.a(passwd.o)
                0x0001257c                passwd_main
 .text.su_main  0x000129e8      0x248 loginutils/lib.a(su.o)
                0x000129e8                su_main
 .text.sulogin_main
                0x00012c30      0x1a4 loginutils/lib.a(sulogin.o)
                0x00012c30                sulogin_main
 .text.acquire_vt
                0x00012dd4       0x14 loginutils/lib.a(vlock.o)
 .text.release_vt
                0x00012de8       0x28 loginutils/lib.a(vlock.o)
 .text.vlock_main
                0x00012e10      0x1d0 loginutils/lib.a(vlock.o)
                0x00012e10                vlock_main
 .text.makemime_main
                0x00012fe0      0x1b4 mailutils/lib.a(makemime.o)
                0x00012fe0                makemime_main
 .text.pop3_checkr
                0x00013194       0xa0 mailutils/lib.a(popmaildir.o)
 .text.pop3_check
                0x00013234        0x8 mailutils/lib.a(popmaildir.o)
 .text.popmaildir_main
                0x0001323c      0x3dc mailutils/lib.a(popmaildir.o)
                0x0001323c                popmaildir_main
 .text.find_token
                0x00013618       0x54 mailutils/lib.a(reformime.o)
 .text.parse    0x0001366c      0x49c mailutils/lib.a(reformime.o)
 .text.reformime_main
                0x00013b08       0xb0 mailutils/lib.a(reformime.o)
                0x00013b08                reformime_main
 .text.smtp_checkp
                0x00013bb8       0xd8 mailutils/lib.a(sendmail.o)
 .text.rcptto   0x00013c90       0x44 mailutils/lib.a(sendmail.o)
 .text.smtp_check
                0x00013cd4        0xc mailutils/lib.a(sendmail.o)
 .text.sane_address
                0x00013ce0       0x70 mailutils/lib.a(sendmail.o)
 .text.angle_address
                0x00013d50       0x48 mailutils/lib.a(sendmail.o)
 .text.rcptto_list
                0x00013d98       0x98 mailutils/lib.a(sendmail.o)
 .text.send_r_n
                0x00013e30       0x44 mailutils/lib.a(sendmail.o)
 .text.sendmail_main
                0x00013e74      0x59c mailutils/lib.a(sendmail.o)
                0x00013e74                sendmail_main
 .text.kill_helper
                0x00014410       0x30 mailutils/lib.a(mail.o)
 .text.signal_handler
                0x00014440       0x8c mailutils/lib.a(mail.o)
 .text.launch_helper
                0x000144cc       0xfc mailutils/lib.a(mail.o)
                0x000144cc                launch_helper
 .text.send_mail_command
                0x000145c8       0x78 mailutils/lib.a(mail.o)
                0x000145c8                send_mail_command
 .text.encode_base64
                0x00014640      0x138 mailutils/lib.a(mail.o)
                0x00014640                encode_base64
 .text.get_cred_or_die
                0x00014778       0xac mailutils/lib.a(mail.o)
                0x00014778                get_cred_or_die
 .text.adjtimex_main
                0x00014824      0x1dc miscutils/lib.a(adjtimex.o)
                0x00014824                adjtimex_main
 .text.beep_main
                0x00014a00      0x170 miscutils/lib.a(beep.o)
                0x00014a00                beep_main
 .text.signal_handler
                0x00014b70       0x14 miscutils/lib.a(chat.o)
 .text.unescape
                0x00014b84       0xd0 miscutils/lib.a(chat.o)
 .text.chat_main
                0x00014c54      0x5d0 miscutils/lib.a(chat.o)
                0x00014c54                chat_main
 .text.show_min_max
                0x00015224       0x50 miscutils/lib.a(chrt.o)
 .text.chrt_main
                0x00015274      0x1c0 miscutils/lib.a(chrt.o)
                0x00015274                chrt_main
 .text.create_cdev_if_doesnt_exist
                0x00015434       0x5c miscutils/lib.a(conspy.o)
 .text.start_shell_in_child
                0x00015490       0xf8 miscutils/lib.a(conspy.o)
 .text.putcsi   0x00015588       0x30 miscutils/lib.a(conspy.o)
 .text.set_cursor
                0x000155b8       0x48 miscutils/lib.a(conspy.o)
 .text.gotoxy   0x00015600       0x44 miscutils/lib.a(conspy.o)
 .text.screen_char
                0x00015644      0x140 miscutils/lib.a(conspy.o)
 .text.screen_dump
                0x00015784       0xfc miscutils/lib.a(conspy.o)
 .text.cleanup  0x00015880       0x68 miscutils/lib.a(conspy.o)
 .text.screen_read_close
                0x000158e8      0x130 miscutils/lib.a(conspy.o)
 .text.conspy_main
                0x00015a18      0x64c miscutils/lib.a(conspy.o)
                0x00015a18                conspy_main
 .text.crondlog
                0x00016064       0x60 miscutils/lib.a(crond.o)
 .text.log8     0x000160c4       0x28 miscutils/lib.a(crond.o)
 .text.log7     0x000160ec       0x28 miscutils/lib.a(crond.o)
 .text.log5     0x00016114       0x28 miscutils/lib.a(crond.o)
 .text.reopen_logfile_to_stderr
                0x0001613c       0x4c miscutils/lib.a(crond.o)
 .text.delete_cronfile
                0x00016188       0xb0 miscutils/lib.a(crond.o)
 .text.ParseField
                0x00016238      0x23c miscutils/lib.a(crond.o)
 .text.load_crontab
                0x00016474      0x394 miscutils/lib.a(crond.o)
 .text.rescan_crontab_dir
                0x00016808       0xf8 miscutils/lib.a(crond.o)
 .text.fork_job
                0x00016900      0x1fc miscutils/lib.a(crond.o)
 .text.crond_main
                0x00016afc      0x770 miscutils/lib.a(crond.o)
                0x00016afc                crond_main
 .text.edit_file
                0x0001726c       0x9c miscutils/lib.a(crontab.o)
 .text.crontab_main
                0x00017308      0x2b8 miscutils/lib.a(crontab.o)
                0x00017308                crontab_main
 .text.pop      0x000175c0       0x98 miscutils/lib.a(dc.o)
 .text.push     0x00017658       0xa4 miscutils/lib.a(dc.o)
 .text.divide   0x000176fc       0x28 miscutils/lib.a(dc.o)
 .text.mul      0x00017724       0x30 miscutils/lib.a(dc.o)
 .text.sub      0x00017754       0x28 miscutils/lib.a(dc.o)
 .text.add      0x0001777c       0x30 miscutils/lib.a(dc.o)
 .text.eor      0x000177ac       0x40 miscutils/lib.a(dc.o)
 .text.not      0x000177ec       0x20 miscutils/lib.a(dc.o)
 .text.or       0x0001780c       0x40 miscutils/lib.a(dc.o)
 .text.and      0x0001784c       0x40 miscutils/lib.a(dc.o)
 .text.mod      0x0001788c       0x54 miscutils/lib.a(dc.o)
 .text.stack_machine
                0x000178e0       0xac miscutils/lib.a(dc.o)
 .text.set_output_base
                0x0001798c       0x74 miscutils/lib.a(dc.o)
 .text.print_base
                0x00017a00      0x118 miscutils/lib.a(dc.o)
 .text.print_stack_no_pop
                0x00017b18       0x80 miscutils/lib.a(dc.o)
 .text.print_no_pop
                0x00017b98       0x6c miscutils/lib.a(dc.o)
 .text.power    0x00017c04       0x28 miscutils/lib.a(dc.o)
 .text.dc_main  0x00017c2c       0x80 miscutils/lib.a(dc.o)
                0x00017c2c                dc_main
 .text.devmem_main
                0x00017cac      0x244 miscutils/lib.a(devmem.o)
                0x00017cac                devmem_main
 .text.eject_main
                0x00017ef0      0x1bc miscutils/lib.a(eject.o)
                0x00017ef0                eject_main
 .text.fb_pixel_value
                0x000180ac       0x7c miscutils/lib.a(fbsplash.o)
 .text.fb_write_pixel
                0x00018128       0x44 miscutils/lib.a(fbsplash.o)
 .text.fb_drawfullrectangle
                0x0001816c       0x84 miscutils/lib.a(fbsplash.o)
 .text.fb_drawprogressbar
                0x000181f0      0x200 miscutils/lib.a(fbsplash.o)
 .text.fb_setpal
                0x000183f0       0xb8 miscutils/lib.a(fbsplash.o)
 .text.fbsplash_main
                0x000184a8      0x4b0 miscutils/lib.a(fbsplash.o)
                0x000184a8                fbsplash_main
 .text.parse_opts
                0x00018958       0x34 miscutils/lib.a(hdparm.o)
 .text.parse_opts_0_1
                0x0001898c        0xc miscutils/lib.a(hdparm.o)
 .text.parse_opts_0_max
                0x00018998        0xc miscutils/lib.a(hdparm.o)
 .text.parse_opts_0_INTMAX
                0x000189a4        0xc miscutils/lib.a(hdparm.o)
 .text.parse_xfermode
                0x000189b0       0xbc miscutils/lib.a(hdparm.o)
 .text.read_big_block
                0x00018a6c       0x38 miscutils/lib.a(hdparm.o)
 .text.xprint_ascii
                0x00018aa4       0x8c miscutils/lib.a(hdparm.o)
 .text.mode_loop
                0x00018b30       0x88 miscutils/lib.a(hdparm.o)
 .text.print_flag
                0x00018bb8       0x14 miscutils/lib.a(hdparm.o)
 .text.on_off   0x00018bcc       0x20 miscutils/lib.a(hdparm.o)
 .text.print_flag_on_off
                0x00018bec       0x28 miscutils/lib.a(hdparm.o)
 .text.print_value_on_off
                0x00018c14       0x30 miscutils/lib.a(hdparm.o)
 .text.bus_state_value
                0x00018c44       0x38 miscutils/lib.a(hdparm.o)
 .text.identify
                0x00018c7c     0x1250 miscutils/lib.a(hdparm.o)
 .text.identify_from_stdin
                0x00019ecc       0x9c miscutils/lib.a(hdparm.o)
 .text.dump_identity
                0x00019f68      0x4ac miscutils/lib.a(hdparm.o)
 .text.seek_to_zero
                0x0001a414       0x20 miscutils/lib.a(hdparm.o)
 .text.flush_buffer_cache
                0x0001a434       0x74 miscutils/lib.a(hdparm.o)
 .text.do_time  0x0001a4a8      0x204 miscutils/lib.a(hdparm.o)
 .text.ioctl_alt_func.constprop.0
                0x0001a6ac       0x48 miscutils/lib.a(hdparm.o)
 .text.process_dev
                0x0001a6f4     0x1674 miscutils/lib.a(hdparm.o)
 .text.hdparm_main
                0x0001bd68      0x930 miscutils/lib.a(hdparm.o)
                0x0001bd68                hdparm_main
 .text.ionice_main
                0x0001c698      0x174 miscutils/lib.a(ionice.o)
                0x0001c698                ionice_main
 .text.show_entry
                0x0001c80c      0x18c miscutils/lib.a(last_fancy.o)
 .text.last_main
                0x0001c998      0x394 miscutils/lib.a(last_fancy.o)
                0x0001c998                last_main
 .text.opp_bracket
                0x0001cd2c       0x64 miscutils/lib.a(less.o)
 .text.sigwinch_handler
                0x0001cd90       0x1c miscutils/lib.a(less.o)
 .text.clear_line
                0x0001cdac       0x20 miscutils/lib.a(less.o)
 .text.print_statusline
                0x0001cdcc       0x34 miscutils/lib.a(less.o)
 .text.move_cursor
                0x0001ce00       0x18 miscutils/lib.a(less.o)
 .text.print_hilite
                0x0001ce18       0x10 miscutils/lib.a(less.o)
 .text.m_status_print
                0x0001ce28       0xfc miscutils/lib.a(less.o)
 .text.fill_match_lines
                0x0001cf24       0xb0 miscutils/lib.a(less.o)
 .text.read_lines
                0x0001cfd4      0x3b0 miscutils/lib.a(less.o)
 .text.re_wrap  0x0001d384      0x1c4 miscutils/lib.a(less.o)
 .text.lineno_str
                0x0001d548       0x98 miscutils/lib.a(less.o)
 .text.print_found
                0x0001d5e0      0x1ac miscutils/lib.a(less.o)
 .text.print_ascii
                0x0001d78c      0x10c miscutils/lib.a(less.o)
 .text.set_tty_cooked
                0x0001d898       0x28 miscutils/lib.a(less.o)
 .text.less_exit
                0x0001d8c0       0x28 miscutils/lib.a(less.o)
 .text.sig_catcher
                0x0001d8e8        0xc miscutils/lib.a(less.o)
 .text.status_print
                0x0001d8f4       0xa4 miscutils/lib.a(less.o)
 .text.buffer_print
                0x0001d998       0xa0 miscutils/lib.a(less.o)
 .text.buffer_fill_and_print
                0x0001da38       0xec miscutils/lib.a(less.o)
 .text.reinitialize
                0x0001db24       0xd8 miscutils/lib.a(less.o)
 .text.change_file
                0x0001dbfc       0x80 miscutils/lib.a(less.o)
 .text.buffer_down
                0x0001dc7c       0x84 miscutils/lib.a(less.o)
 .text.buffer_up
                0x0001dd00       0x34 miscutils/lib.a(less.o)
 .text.buffer_line
                0x0001dd34       0x44 miscutils/lib.a(less.o)
 .text.goto_match
                0x0001dd78       0x7c miscutils/lib.a(less.o)
 .text.getch_nowait
                0x0001ddf4      0x190 miscutils/lib.a(less.o)
 .text.less_getch
                0x0001df84       0x4c miscutils/lib.a(less.o)
 .text.less_gets
                0x0001dfd0       0xd0 miscutils/lib.a(less.o)
 .text.examine_file
                0x0001e0a0       0x8c miscutils/lib.a(less.o)
 .text.regex_process
                0x0001e12c      0x128 miscutils/lib.a(less.o)
 .text.less_main
                0x0001e254      0xbf8 miscutils/lib.a(less.o)
                0x0001e254                less_main
 .text.makedevs_main
                0x0001ee4c      0x424 miscutils/lib.a(makedevs.o)
                0x0001ee4c                makedevs_main
 .text.add_MANPATH
                0x0001f270       0xc8 miscutils/lib.a(man.o)
 .text.run_pipe
                0x0001f338      0x1b4 miscutils/lib.a(man.o)
 .text.show_manpage
                0x0001f4ec       0xf4 miscutils/lib.a(man.o)
 .text.man_main
                0x0001f5e0      0x378 miscutils/lib.a(man.o)
                0x0001f5e0                man_main
 .text.xget1    0x0001f958       0x44 miscutils/lib.a(microcom.o)
 .text.xset1    0x0001f99c       0x38 miscutils/lib.a(microcom.o)
 .text.microcom_main
                0x0001f9d4      0x310 miscutils/lib.a(microcom.o)
                0x0001f9d4                microcom_main
 .text.mountpoint_main
                0x0001fce4      0x204 miscutils/lib.a(mountpoint.o)
                0x0001fce4                mountpoint_main
 .text.mt_main  0x0001fee8      0x140 miscutils/lib.a(mt.o)
                0x0001fee8                mt_main
 .text.next_good_eraseblock
                0x00020028       0xa4 miscutils/lib.a(nandwrite.o)
 .text.dump_bad
                0x000200cc       0x88 miscutils/lib.a(nandwrite.o)
 .text.nandwrite_main
                0x00020154      0x4ec miscutils/lib.a(nandwrite.o)
                0x00020154                nandwrite_main
 .text.raidautorun_main
                0x00020640       0x34 miscutils/lib.a(raidautorun.o)
                0x00020640                raidautorun_main
 .text.readahead_main
                0x00020674       0xa0 miscutils/lib.a(readahead.o)
                0x00020674                readahead_main
 .text.runlevel_main
                0x00020714       0x98 miscutils/lib.a(runlevel.o)
                0x00020714                runlevel_main
 .text.sigalrm_handler
                0x000207ac        0x4 miscutils/lib.a(rx.o)
 .text.read_byte
                0x000207b0       0x34 miscutils/lib.a(rx.o)
 .text.rx_main  0x000207e4      0x41c miscutils/lib.a(rx.o)
                0x000207e4                rx_main
 .text.serial_open
                0x00020c00       0x38 miscutils/lib.a(setserial.o)
 .text.index_in_strings_case_insensitive
                0x00020c38       0x54 miscutils/lib.a(setserial.o)
 .text.get_numeric
                0x00020c8c        0xc miscutils/lib.a(setserial.o)
 .text.serial_ctl
                0x00020c98       0xc4 miscutils/lib.a(setserial.o)
 .text.print_flag
                0x00020d5c       0x2c miscutils/lib.a(setserial.o)
 .text.setserial_main
                0x00020d88      0x5a8 miscutils/lib.a(setserial.o)
                0x00020d88                setserial_main
 .text.setsid_main
                0x00021330       0x44 miscutils/lib.a(setsid.o)
                0x00021330                setsid_main
 .text.strings_main
                0x00021374      0x1c8 miscutils/lib.a(strings.o)
                0x00021374                strings_main
 .text.ptok     0x0002153c       0x30 miscutils/lib.a(time.o)
 .text.run_command
                0x0002156c       0xe4 miscutils/lib.a(time.o)
 .text.time_main
                0x00021650      0x628 miscutils/lib.a(time.o)
                0x00021650                time_main
 .text.timeout_main
                0x00021c78      0x164 miscutils/lib.a(timeout.o)
                0x00021c78                timeout_main
 .text.ttysize_main
                0x00021ddc       0xa4 miscutils/lib.a(ttysize.o)
                0x00021ddc                ttysize_main
 .text.get_num_from_file
                0x00021e80       0x7c miscutils/lib.a(ubi_tools.o)
 .text.ubi_tools_main
                0x00021efc      0x520 miscutils/lib.a(ubi_tools.o)
                0x00021efc                ubi_tools_main
 .text.volname_main
                0x0002241c       0x7c miscutils/lib.a(volname.o)
                0x0002241c                volname_main
 .text.wall_main
                0x00022498       0x88 miscutils/lib.a(wall.o)
                0x00022498                wall_main
 .text.watchdog_shutdown
                0x00022520       0x40 miscutils/lib.a(watchdog.o)
 .text.watchdog_main
                0x00022560      0x148 miscutils/lib.a(watchdog.o)
                0x00022560                watchdog_main
 .text.display  0x000226a8       0x64 modutils/lib.a(modinfo.o)
 .text.modinfo  0x0002270c      0x1a8 modutils/lib.a(modinfo.o)
 .text.modinfo_main
                0x000228b4      0x178 modutils/lib.a(modinfo.o)
                0x000228b4                modinfo_main
 .text.reset_stringbuf
                0x00022a2c       0x18 modutils/lib.a(modprobe-small.o)
 .text.replace  0x00022a44       0x1c modutils/lib.a(modprobe-small.o)
 .text.load_module
                0x00022a60       0x54 modutils/lib.a(modprobe-small.o)
 .text.moderror
                0x00022ab4       0x50 modutils/lib.a(modprobe-small.o)
 .text.load_dep_bb
                0x00022b04      0x13c modutils/lib.a(modprobe-small.o)
 .text.pathname_matches_modname
                0x00022c40       0x60 modutils/lib.a(modprobe-small.o)
 .text.find_keyword
                0x00022ca0       0x8c modutils/lib.a(modprobe-small.o)
 .text.append   0x00022d2c       0x70 modutils/lib.a(modprobe-small.o)
 .text.copy_stringbuf
                0x00022d9c       0x2c modutils/lib.a(modprobe-small.o)
 .text.rmmod    0x00022dc8       0x90 modutils/lib.a(modprobe-small.o)
 .text.str_2_list
                0x00022e58       0x48 modutils/lib.a(modprobe-small.o)
 .text.parse_module
                0x00022ea0      0x1c0 modutils/lib.a(modprobe-small.o)
 .text.find_alias
                0x00023060      0x320 modutils/lib.a(modprobe-small.o)
 .text.process_module
                0x00023380      0x328 modutils/lib.a(modprobe-small.o)
 .text.fileAction
                0x000236a8       0xd0 modutils/lib.a(modprobe-small.o)
 .text.modprobe_main
                0x00023778      0x23c modutils/lib.a(modprobe-small.o)
                0x00023778                modprobe_main
 .text.filename2modname
                0x000239b4       0x68 modutils/lib.a(modutils.o)
                0x000239b4                filename2modname
 .text.arp_show
                0x00023a1c      0x3c0 networking/lib.a(arp.o)
 .text.arp_main
                0x00023ddc      0x7cc networking/lib.a(arp.o)
                0x00023ddc                arp_main
 .text.finish   0x000245a8      0x148 networking/lib.a(arping.o)
 .text.catcher  0x000246f0      0x2e0 networking/lib.a(arping.o)
 .text.arping_main
                0x000249d0      0xa90 networking/lib.a(arping.o)
                0x000249d0                arping_main
 .text.arm_ioctl
                0x00025460       0x10 networking/lib.a(brctl.o)
 .text.brctl_main
                0x00025470      0x500 networking/lib.a(brctl.o)
                0x00025470                brctl_main
 .text.undot    0x00025970       0x3c networking/lib.a(dnsd.o)
 .text.dnsd_main
                0x000259ac      0x664 networking/lib.a(dnsd.o)
                0x000259ac                dnsd_main
 .text.ether_wake_main
                0x00026010      0x2dc networking/lib.a(ether-wake.o)
                0x00026010                ether_wake_main
 .text.replace_char
                0x000262ec       0x2c networking/lib.a(ftpd.o)
 .text.pasv_active
                0x00026318       0x34 networking/lib.a(ftpd.o)
 .text.verbose_log
                0x0002634c       0x2c networking/lib.a(ftpd.o)
 .text.cmdio_get_cmd_and_arg
                0x00026378      0x1e8 networking/lib.a(ftpd.o)
 .text.cmdio_write_ok
                0x00026560       0x68 networking/lib.a(ftpd.o)
 .text.cmdio_write_error
                0x000265c8       0x64 networking/lib.a(ftpd.o)
 .text.escape_text
                0x0002662c       0xa0 networking/lib.a(ftpd.o)
 .text.cmdio_write
                0x000266cc       0x88 networking/lib.a(ftpd.o)
 .text.handle_cwd
                0x00026754       0x58 networking/lib.a(ftpd.o)
 .text.port_pasv_cleanup
                0x000267ac       0x80 networking/lib.a(ftpd.o)
 .text.get_remote_transfer_fd
                0x0002682c       0xc4 networking/lib.a(ftpd.o)
 .text.bind_for_passive_mode
                0x000268f0      0x120 networking/lib.a(ftpd.o)
 .text.cmdio_write_raw
                0x00026a10       0x4c networking/lib.a(ftpd.o)
 .text.port_or_pasv_was_seen
                0x00026a5c       0x58 networking/lib.a(ftpd.o)
 .text.handle_upload_common
                0x00026ab4      0x22c networking/lib.a(ftpd.o)
 .text.handle_dir_common
                0x00026ce0      0x1cc networking/lib.a(ftpd.o)
 .text.timeout_handler
                0x00026eac      0x134 networking/lib.a(ftpd.o)
 .text.ftpd_main
                0x00026fe0      0xdb0 networking/lib.a(ftpd.o)
                0x00026fe0                ftpd_main
 .text.ftp_die  0x00027d90       0x58 networking/lib.a(ftpgetput.o)
 .text.ftpcmd   0x00027de8      0x138 networking/lib.a(ftpgetput.o)
 .text.xconnect_ftpdata
                0x00027f20       0xe4 networking/lib.a(ftpgetput.o)
 .text.pump_data_and_QUIT
                0x00028004       0x70 networking/lib.a(ftpgetput.o)
 .text.ftp_receive
                0x00028074      0x1e4 networking/lib.a(ftpgetput.o)
 .text.ftp_send
                0x00028258       0x74 networking/lib.a(ftpgetput.o)
 .text.ftpgetput_main
                0x000282cc      0x294 networking/lib.a(ftpgetput.o)
                0x000282cc                ftpgetput_main
 .text.do_sethostname
                0x00028560       0x84 networking/lib.a(hostname.o)
 .text.hostname_main
                0x000285e4      0x164 networking/lib.a(hostname.o)
                0x000285e4                hostname_main
 .text.scan_ip  0x00028748       0xd4 networking/lib.a(httpd.o)
 .text.checkPermIP
                0x0002881c       0x5c networking/lib.a(httpd.o)
 .text.free_llist
                0x00028878       0x2c networking/lib.a(httpd.o)
 .text.parse_conf
                0x000288a4      0x5ac networking/lib.a(httpd.o)
 .text.sighup_handler
                0x00028e50       0x10 networking/lib.a(httpd.o)
 .text.get_line
                0x00028e60       0xac networking/lib.a(httpd.o)
 .text.check_user_passwd
                0x00028f0c      0x21c networking/lib.a(httpd.o)
 .text.log_and_exit
                0x00029128       0x44 networking/lib.a(httpd.o)
 .text.cgi_io_loop_and_exit
                0x0002916c      0x278 networking/lib.a(httpd.o)
 .text.setenv1  0x000293e4       0x18 networking/lib.a(httpd.o)
 .text.send_file_and_exit
                0x000293fc      0x3a4 networking/lib.a(httpd.o)
 .text.send_headers
                0x000297a0      0x330 networking/lib.a(httpd.o)
 .text.send_headers_and_exit
                0x00029ad0       0x20 networking/lib.a(httpd.o)
 .text.send_cgi_and_exit
                0x00029af0      0x444 networking/lib.a(httpd.o)
 .text.send_REQUEST_TIMEOUT_and_exit
                0x00029f34        0xc networking/lib.a(httpd.o)
 .text.handle_incoming_and_exit
                0x00029f40      0xbb0 networking/lib.a(httpd.o)
 .text.httpd_main
                0x0002aaf0      0x3a8 networking/lib.a(httpd.o)
                0x0002aaf0                httpd_main
 .text.ifconfig_main
                0x0002ae98      0x4e0 networking/lib.a(ifconfig.o)
                0x0002ae98                ifconfig_main
 .text.ioctl_on_skfd
                0x0002b378       0x14 networking/lib.a(ifenslave.o)
 .text.set_ifrname_and_do_ioctl
                0x0002b38c       0x28 networking/lib.a(ifenslave.o)
 .text.get_slave_flags
                0x0002b3b4       0x20 networking/lib.a(ifenslave.o)
 .text.set_if_flags
                0x0002b3d4       0x28 networking/lib.a(ifenslave.o)
 .text.set_if_down
                0x0002b3fc       0x30 networking/lib.a(ifenslave.o)
 .text.set_if_up
                0x0002b42c       0x30 networking/lib.a(ifenslave.o)
 .text.set_mtu  0x0002b45c       0x28 networking/lib.a(ifenslave.o)
 .text.get_if_settings
                0x0002b484       0x54 networking/lib.a(ifenslave.o)
 .text.get_drv_info
                0x0002b4d8       0xe0 networking/lib.a(ifenslave.o)
 .text.set_hwaddr
                0x0002b5b8       0x34 networking/lib.a(ifenslave.o)
 .text.enslave  0x0002b5ec      0x2a8 networking/lib.a(ifenslave.o)
 .text.ifenslave_main
                0x0002b894      0x304 networking/lib.a(ifenslave.o)
                0x0002b894                ifenslave_main
 .text.strstatus
                0x0002bb98       0x20 networking/lib.a(ifplugd.o)
 .text.read_pid
                0x0002bbb8       0x44 networking/lib.a(ifplugd.o)
 .text.set_ifreq_to_ifname
                0x0002bbfc       0x30 networking/lib.a(ifplugd.o)
 .text.network_ioctl
                0x0002bc2c       0x4c networking/lib.a(ifplugd.o)
 .text.detect_link_iff
                0x0002bc78       0x6c networking/lib.a(ifplugd.o)
 .text.detect_link_wlan
                0x0002bce4       0xb0 networking/lib.a(ifplugd.o)
 .text.detect_link_priv
                0x0002bd94       0x78 networking/lib.a(ifplugd.o)
 .text.detect_link_mii
                0x0002be0c       0x78 networking/lib.a(ifplugd.o)
 .text.detect_link_ethtool
                0x0002be84       0x58 networking/lib.a(ifplugd.o)
 .text.check_existence_through_netlink
                0x0002bedc      0x18c networking/lib.a(ifplugd.o)
 .text.up_iface
                0x0002c068       0x9c networking/lib.a(ifplugd.o)
 .text.maybe_up_new_iface
                0x0002c104       0x40 networking/lib.a(ifplugd.o)
 .text.detect_link
                0x0002c144      0x134 networking/lib.a(ifplugd.o)
 .text.run_script
                0x0002c278       0xfc networking/lib.a(ifplugd.o)
 .text.ifplugd_main
                0x0002c374      0x590 networking/lib.a(ifplugd.o)
                0x0002c374                ifplugd_main
 .text.manual_up_down6
                0x0002c904        0x8 networking/lib.a(ifupdown.o)
 .text.manual_up_down
                0x0002c90c        0x8 networking/lib.a(ifupdown.o)
 .text.link_up_down
                0x0002c914        0x8 networking/lib.a(ifupdown.o)
 .text.check    0x0002c91c        0xc networking/lib.a(ifupdown.o)
 .text.strncmpz
                0x0002c928       0x20 networking/lib.a(ifupdown.o)
 .text.get_var  0x0002c948       0x90 networking/lib.a(ifupdown.o)
 .text.find_iface_state
                0x0002c9d8       0x58 networking/lib.a(ifupdown.o)
 .text.addstr   0x0002ca30       0x58 networking/lib.a(ifupdown.o)
 .text.execute  0x0002ca88      0x2dc networking/lib.a(ifupdown.o)
 .text.loopback_down6
                0x0002cd64       0x18 networking/lib.a(ifupdown.o)
 .text.loopback_up6
                0x0002cd7c       0x4c networking/lib.a(ifupdown.o)
 .text.static_down6
                0x0002cdc8       0x18 networking/lib.a(ifupdown.o)
 .text.static_up6
                0x0002cde0       0x64 networking/lib.a(ifupdown.o)
 .text.v4tunnel_down
                0x0002ce44       0x18 networking/lib.a(ifupdown.o)
 .text.v4tunnel_up
                0x0002ce5c       0x7c networking/lib.a(ifupdown.o)
 .text.loopback_down
                0x0002ced8       0x4c networking/lib.a(ifupdown.o)
 .text.loopback_up
                0x0002cf24       0x4c networking/lib.a(ifupdown.o)
 .text.dhcp_up  0x0002cf70       0x40 networking/lib.a(ifupdown.o)
 .text.bootp_up
                0x0002cfb0       0x18 networking/lib.a(ifupdown.o)
 .text.static_down
                0x0002cfc8       0x4c networking/lib.a(ifupdown.o)
 .text.static_up
                0x0002d014       0x64 networking/lib.a(ifupdown.o)
 .text.ppp_down
                0x0002d078       0x18 networking/lib.a(ifupdown.o)
 .text.ppp_up   0x0002d090       0x18 networking/lib.a(ifupdown.o)
 .text.wvdial_down
                0x0002d0a8       0x18 networking/lib.a(ifupdown.o)
 .text.wvdial_up
                0x0002d0c0       0x18 networking/lib.a(ifupdown.o)
 .text.dhcp_down
                0x0002d0d8       0x50 networking/lib.a(ifupdown.o)
 .text.next_word
                0x0002d128       0x58 networking/lib.a(ifupdown.o)
 .text.popen2   0x0002d180       0xb8 networking/lib.a(ifupdown.o)
 .text.read_iface_state
                0x0002d238       0x60 networking/lib.a(ifupdown.o)
 .text.setlocalenv
                0x0002d298       0x84 networking/lib.a(ifupdown.o)
 .text.set_environ
                0x0002d31c      0x1b8 networking/lib.a(ifupdown.o)
 .text.doit     0x0002d4d4       0xe4 networking/lib.a(ifupdown.o)
 .text.execute_all
                0x0002d5b8       0x68 networking/lib.a(ifupdown.o)
 .text.iface_up
                0x0002d620       0xa8 networking/lib.a(ifupdown.o)
 .text.iface_down
                0x0002d6c8       0xa8 networking/lib.a(ifupdown.o)
 .text.read_interfaces
                0x0002d770      0x570 networking/lib.a(ifupdown.o)
 .text.ifupdown_main
                0x0002dce0      0x520 networking/lib.a(ifupdown.o)
                0x0002dce0                ifupdown_main
 .text.remove_fd_from_set
                0x0002e200       0x74 networking/lib.a(inetd.o)
 .text.init_ring
                0x0002e274       0x78 networking/lib.a(inetd.o)
 .text.discard_dg
                0x0002e2ec       0x18 networking/lib.a(inetd.o)
 .text.maybe_close
                0x0002e304        0xc networking/lib.a(inetd.o)
 .text.free_servtab_strings
                0x0002e310       0x5c networking/lib.a(inetd.o)
 .text.bump_nofile
                0x0002e36c      0x12c networking/lib.a(inetd.o)
 .text.add_fd_to_set
                0x0002e498      0x124 networking/lib.a(inetd.o)
 .text.block_CHLD_HUP_ALRM
                0x0002e5bc       0x44 networking/lib.a(inetd.o)
 .text.restore_sigmask
                0x0002e600       0x10 networking/lib.a(inetd.o)
 .text.rearm_alarm
                0x0002e610       0x44 networking/lib.a(inetd.o)
 .text.xzalloc_lsa
                0x0002e654       0x34 networking/lib.a(inetd.o)
 .text.new_servtab
                0x0002e688       0x18 networking/lib.a(inetd.o)
 .text.unregister_rpc
                0x0002e6a0       0x4c networking/lib.a(inetd.o)
 .text.clean_up_and_exit
                0x0002e6ec       0xa4 networking/lib.a(inetd.o)
 .text.reap_child
                0x0002e790       0xd8 networking/lib.a(inetd.o)
 .text.daytime_dg
                0x0002e868       0xb0 networking/lib.a(inetd.o)
 .text.daytime_stream
                0x0002e918       0x38 networking/lib.a(inetd.o)
 .text.machtime
                0x0002e950       0x3c networking/lib.a(inetd.o)
 .text.machtime_dg
                0x0002e98c       0x84 networking/lib.a(inetd.o)
 .text.machtime_stream
                0x0002ea10       0x24 networking/lib.a(inetd.o)
 .text.chargen_dg
                0x0002ea34      0x194 networking/lib.a(inetd.o)
 .text.chargen_stream
                0x0002ebc8       0xc8 networking/lib.a(inetd.o)
 .text.discard_stream
                0x0002ec90       0x2c networking/lib.a(inetd.o)
 .text.echo_stream
                0x0002ecbc       0x38 networking/lib.a(inetd.o)
 .text.echo_dg  0x0002ecf4       0x8c networking/lib.a(inetd.o)
 .text.register_rpc
                0x0002ed80       0xc4 networking/lib.a(inetd.o)
 .text.prepare_socket_fd
                0x0002ee44      0x190 networking/lib.a(inetd.o)
 .text.reread_config_file
                0x0002efd4      0xb54 networking/lib.a(inetd.o)
 .text.retry_network_setup
                0x0002fb28       0xa0 networking/lib.a(inetd.o)
 .text.inetd_main
                0x0002fbc8      0xb78 networking/lib.a(inetd.o)
                0x0002fbc8                inetd_main
 .text.get_afntype
                0x00030740       0x2c networking/lib.a(interface.o)
 .text.add_interface
                0x0003076c       0x90 networking/lib.a(interface.o)
 .text.if_readconf
                0x000307fc       0xcc networking/lib.a(interface.o)
 .text.if_readlist_proc
                0x000308c8      0x294 networking/lib.a(interface.o)
 .text.do_if_fetch
                0x00030b5c      0x308 networking/lib.a(interface.o)
 .text.print_bytes_scaled
                0x00030e64       0x9c networking/lib.a(interface.o)
 .text.UNSPEC_print
                0x00030f00       0x64 networking/lib.a(interface.o)
 .text.UNSPEC_sprint
                0x00030f64       0x28 networking/lib.a(interface.o)
 .text.INET6_input
                0x00030f8c        0x4 networking/lib.a(interface.o)
 .text.INET6_sprint
                0x00030f90       0x50 networking/lib.a(interface.o)
 .text.INET_input
                0x00030fe0        0x8 networking/lib.a(interface.o)
 .text.INET_sprint
                0x00030fe8       0x54 networking/lib.a(interface.o)
 .text.in_ib    0x0003103c       0x28 networking/lib.a(interface.o)
                0x0003103c                in_ib
 .text.ether_print
                0x00031064       0x58 networking/lib.a(interface.o)
 .text.get_aftype
                0x000310bc       0x3c networking/lib.a(interface.o)
                0x000310bc                get_aftype
 .text.get_hwtype
                0x000310f8       0x3c networking/lib.a(interface.o)
                0x000310f8                get_hwtype
 .text.get_hwntype
                0x00031134       0x2c networking/lib.a(interface.o)
                0x00031134                get_hwntype
 .text.ife_print
                0x00031160      0x5bc networking/lib.a(interface.o)
 .text.display_interfaces
                0x0003171c       0xd8 networking/lib.a(interface.o)
                0x0003171c                display_interfaces
 .text.ip_do    0x000317f4       0x18 networking/lib.a(ip.o)
 .text.ip_print_help
                0x0003180c        0x8 networking/lib.a(ip.o)
 .text.ipaddr_main
                0x00031814        0xc networking/lib.a(ip.o)
                0x00031814                ipaddr_main
 .text.iplink_main
                0x00031820        0xc networking/lib.a(ip.o)
                0x00031820                iplink_main
 .text.iproute_main
                0x0003182c        0xc networking/lib.a(ip.o)
                0x0003182c                iproute_main
 .text.iprule_main
                0x00031838        0xc networking/lib.a(ip.o)
                0x00031838                iprule_main
 .text.iptunnel_main
                0x00031844        0xc networking/lib.a(ip.o)
                0x00031844                iptunnel_main
 .text.ip_main  0x00031850       0x4c networking/lib.a(ip.o)
                0x00031850                ip_main
 .text.ipcalc_main
                0x0003189c      0x2d4 networking/lib.a(ipcalc.o)
                0x0003189c                ipcalc_main
 .text.do_timeout
                0x00031b70        0x8 networking/lib.a(isrv_identd.o)
 .text.do_rd    0x00031b78       0xd0 networking/lib.a(isrv_identd.o)
 .text.new_peer
                0x00031c48       0x60 networking/lib.a(isrv_identd.o)
 .text.fakeidentd_main
                0x00031ca8      0x158 networking/lib.a(isrv_identd.o)
                0x00031ca8                fakeidentd_main
 .text.prepend_new_eth_table
                0x00031e00      0x198 networking/lib.a(nameif.o)
 .text.nameif_main
                0x00031f98      0x304 networking/lib.a(nameif.o)
                0x00031f98                nameif_main
 .text.nbdclient_main
                0x0003229c      0x234 networking/lib.a(nbd-client.o)
                0x0003229c                nbdclient_main
 .text.timeout  0x000324d0       0x10 networking/lib.a(nc.o)
 .text.nc_main  0x000324e0      0x45c networking/lib.a(nc.o)
                0x000324e0                nc_main
 .text.prg_cache_get
                0x0003293c       0x54 networking/lib.a(netstat.o)
 .text.dir_act  0x00032990       0xe4 networking/lib.a(netstat.o)
 .text.add_to_prg_cache_if_socket
                0x00032a74      0x114 networking/lib.a(netstat.o)
 .text.do_info  0x00032b88       0x78 networking/lib.a(netstat.o)
 .text.build_ipv4_addr
                0x00032c00       0x24 networking/lib.a(netstat.o)
 .text.unix_do_one
                0x00032c24      0x278 networking/lib.a(netstat.o)
 .text.build_ipv6_addr
                0x00032e9c       0x64 networking/lib.a(netstat.o)
 .text.scan_inet_proc_line
                0x00032f00       0xb0 networking/lib.a(netstat.o)
 .text.ip_port_str
                0x00032fb0       0x9c networking/lib.a(netstat.o)
 .text.print_inet_line
                0x0003304c       0xfc networking/lib.a(netstat.o)
 .text.raw_do_one
                0x00033148       0x94 networking/lib.a(netstat.o)
 .text.udp_do_one
                0x000331dc       0xbc networking/lib.a(netstat.o)
 .text.tcp_do_one
                0x00033298       0x64 networking/lib.a(netstat.o)
 .text.netstat_main
                0x000332fc      0x2a4 networking/lib.a(netstat.o)
                0x000332fc                netstat_main
 .text.set_default_dns
                0x000335a0       0x64 networking/lib.a(nslookup.o)
 .text.print_host
                0x00033604       0xe8 networking/lib.a(nslookup.o)
 .text.nslookup_main
                0x000336ec       0x8c networking/lib.a(nslookup.o)
                0x000336ec                nslookup_main
 .text.my_SQRT  0x00033778       0x9c networking/lib.a(ntpd.o)
 .text.lfp_to_d
                0x00033814       0x7c networking/lib.a(ntpd.o)
 .text.sfp_to_d
                0x00033890       0x60 networking/lib.a(ntpd.o)
 .text.d_to_lfp
                0x000338f0       0x90 networking/lib.a(ntpd.o)
 .text.d_to_sfp
                0x00033980       0x6c networking/lib.a(ntpd.o)
 .text.set_next
                0x000339ec       0x34 networking/lib.a(ntpd.o)
 .text.filter_datapoints
                0x00033a20      0x18c networking/lib.a(ntpd.o)
 .text.reset_peer_stats
                0x00033bac      0x100 networking/lib.a(ntpd.o)
 .text.clamp_pollexp_and_set_MAXSTRAT
                0x00033cac       0x40 networking/lib.a(ntpd.o)
 .text.compare_point_edge
                0x00033cec       0x50 networking/lib.a(ntpd.o)
 .text.compare_survivor_metric
                0x00033d3c       0x50 networking/lib.a(ntpd.o)
 .text.adjust_poll
                0x00033d8c       0xc4 networking/lib.a(ntpd.o)
 .text.add_peers
                0x00033e50       0x84 networking/lib.a(ntpd.o)
 .text.poll_interval
                0x00033ed4       0x3c networking/lib.a(ntpd.o)
 .text.do_sendto
                0x00033f10       0x80 networking/lib.a(ntpd.o)
 .text.gettime1900d
                0x00033f90       0x78 networking/lib.a(ntpd.o)
 .text.ntp_init
                0x00034008      0x264 networking/lib.a(ntpd.o)
 .text.recv_and_process_client_pkt
                0x0003426c      0x1cc networking/lib.a(ntpd.o)
 .text.step_time
                0x00034438      0x1e0 networking/lib.a(ntpd.o)
 .text.run_script
                0x00034618      0x13c networking/lib.a(ntpd.o)
 .text.select_and_cluster
                0x00034754      0x5e8 networking/lib.a(ntpd.o)
 .text.set_new_values.constprop.1
                0x00034d3c       0x24 networking/lib.a(ntpd.o)
 .text.update_local_clock
                0x00034d60      0x3e0 networking/lib.a(ntpd.o)
 .text.recv_and_process_peer_pkt
                0x00035140      0x464 networking/lib.a(ntpd.o)
 .text.ntpd_main
                0x000355a4      0x4a4 networking/lib.a(ntpd.o)
                0x000355a4                ntpd_main
 .text.unpack_tail
                0x00035a48      0x27c networking/lib.a(ping.o)
 .text.print_stats_and_exit
                0x00035cc4      0x264 networking/lib.a(ping.o)
 .text.sendping_tail.constprop.0
                0x00035f28      0x244 networking/lib.a(ping.o)
 .text.sendping4
                0x0003616c       0xd8 networking/lib.a(ping.o)
 .text.sendping6
                0x00036244       0xa4 networking/lib.a(ping.o)
 .text.common_ping_main
                0x000362e8      0xb6c networking/lib.a(ping.o)
 .text.ping_main
                0x00036e54        0xc networking/lib.a(ping.o)
                0x00036e54                ping_main
 .text.ping6_main
                0x00036e60        0xc networking/lib.a(ping.o)
                0x00036e60                ping6_main
 .text.pscan_main
                0x00036e6c      0x2f8 networking/lib.a(pscan.o)
                0x00036e6c                pscan_main
 .text.set_flags
                0x00037164       0x3c networking/lib.a(route.o)
 .text.kw_lookup
                0x000371a0       0x80 networking/lib.a(route.o)
 .text.INET6_displayroutes
                0x00037220      0x204 networking/lib.a(route.o)
 .text.INET6_setroute
                0x00037424      0x26c networking/lib.a(route.o)
 .text.INET_setroute
                0x00037690      0x3cc networking/lib.a(route.o)
 .text.bb_displayroutes